Archive member included to satisfy reference by file (symbol)

C:/Users/inaci/.pico-sdk/toolchain/13_3_Rel1/bin/../lib/gcc/arm-none-eabi/13.3.1/thumb/v6-m/nofp\libgcc.a(_dvmd_tls.o)
                              CMakeFiles/DisplayC.dir/C_/Users/inaci/.pico-sdk/sdk/2.1.0/src/rp2_common/pico_divider/divider_hardware.S.obj (__aeabi_idiv0)
C:/Users/inaci/.pico-sdk/toolchain/13_3_Rel1/bin/../lib/gcc/arm-none-eabi/13.3.1/thumb/v6-m/nofp\libg.a(libc_a-calloc.o)
                              CMakeFiles/DisplayC.dir/C_/Users/inaci/.pico-sdk/sdk/2.1.0/src/rp2_common/pico_malloc/malloc.c.obj (calloc)
C:/Users/inaci/.pico-sdk/toolchain/13_3_Rel1/bin/../lib/gcc/arm-none-eabi/13.3.1/thumb/v6-m/nofp\libg.a(libc_a-callocr.o)
                              C:/Users/inaci/.pico-sdk/toolchain/13_3_Rel1/bin/../lib/gcc/arm-none-eabi/13.3.1/thumb/v6-m/nofp\libg.a(libc_a-calloc.o) (_calloc_r)
C:/Users/inaci/.pico-sdk/toolchain/13_3_Rel1/bin/../lib/gcc/arm-none-eabi/13.3.1/thumb/v6-m/nofp\libg.a(libc_a-malloc.o)
                              CMakeFiles/DisplayC.dir/C_/Users/inaci/.pico-sdk/sdk/2.1.0/src/rp2_common/pico_malloc/malloc.c.obj (malloc)
C:/Users/inaci/.pico-sdk/toolchain/13_3_Rel1/bin/../lib/gcc/arm-none-eabi/13.3.1/thumb/v6-m/nofp\libg.a(libc_a-mallocr.o)
                              C:/Users/inaci/.pico-sdk/toolchain/13_3_Rel1/bin/../lib/gcc/arm-none-eabi/13.3.1/thumb/v6-m/nofp\libg.a(libc_a-callocr.o) (_malloc_r)
C:/Users/inaci/.pico-sdk/toolchain/13_3_Rel1/bin/../lib/gcc/arm-none-eabi/13.3.1/thumb/v6-m/nofp\libg.a(libc_a-mlock.o)
                              C:/Users/inaci/.pico-sdk/toolchain/13_3_Rel1/bin/../lib/gcc/arm-none-eabi/13.3.1/thumb/v6-m/nofp\libg.a(libc_a-mallocr.o) (__malloc_lock)
C:/Users/inaci/.pico-sdk/toolchain/13_3_Rel1/bin/../lib/gcc/arm-none-eabi/13.3.1/thumb/v6-m/nofp\libg.a(libc_a-realloc.o)
                              CMakeFiles/DisplayC.dir/C_/Users/inaci/.pico-sdk/sdk/2.1.0/src/rp2_common/pico_malloc/malloc.c.obj (realloc)
C:/Users/inaci/.pico-sdk/toolchain/13_3_Rel1/bin/../lib/gcc/arm-none-eabi/13.3.1/thumb/v6-m/nofp\libg.a(libc_a-reallocr.o)
                              C:/Users/inaci/.pico-sdk/toolchain/13_3_Rel1/bin/../lib/gcc/arm-none-eabi/13.3.1/thumb/v6-m/nofp\libg.a(libc_a-realloc.o) (_realloc_r)
C:/Users/inaci/.pico-sdk/toolchain/13_3_Rel1/bin/../lib/gcc/arm-none-eabi/13.3.1/thumb/v6-m/nofp\libg.a(libc_a-scanf.o)
                              CMakeFiles/DisplayC.dir/DisplayC.c.obj (scanf)
C:/Users/inaci/.pico-sdk/toolchain/13_3_Rel1/bin/../lib/gcc/arm-none-eabi/13.3.1/thumb/v6-m/nofp\libg.a(libc_a-memcmp.o)
                              CMakeFiles/DisplayC.dir/C_/Users/inaci/.pico-sdk/sdk/2.1.0/src/rp2_common/pico_atomic/atomic.c.obj (memcmp)
C:/Users/inaci/.pico-sdk/toolchain/13_3_Rel1/bin/../lib/gcc/arm-none-eabi/13.3.1/thumb/v6-m/nofp\libg.a(libc_a-memmove.o)
                              C:/Users/inaci/.pico-sdk/toolchain/13_3_Rel1/bin/../lib/gcc/arm-none-eabi/13.3.1/thumb/v6-m/nofp\libg.a(libc_a-reallocr.o) (memmove)
C:/Users/inaci/.pico-sdk/toolchain/13_3_Rel1/bin/../lib/gcc/arm-none-eabi/13.3.1/thumb/v6-m/nofp\libg.a(libc_a-lcltime_r.o)
                              CMakeFiles/DisplayC.dir/C_/Users/inaci/.pico-sdk/sdk/2.1.0/src/common/pico_util/datetime.c.obj (localtime_r)
C:/Users/inaci/.pico-sdk/toolchain/13_3_Rel1/bin/../lib/gcc/arm-none-eabi/13.3.1/thumb/v6-m/nofp\libg.a(libc_a-mktime.o)
                              CMakeFiles/DisplayC.dir/C_/Users/inaci/.pico-sdk/sdk/2.1.0/src/common/pico_util/datetime.c.obj (mktime)
C:/Users/inaci/.pico-sdk/toolchain/13_3_Rel1/bin/../lib/gcc/arm-none-eabi/13.3.1/thumb/v6-m/nofp\libg.a(libc_a-month_lengths.o)
                              C:/Users/inaci/.pico-sdk/toolchain/13_3_Rel1/bin/../lib/gcc/arm-none-eabi/13.3.1/thumb/v6-m/nofp\libg.a(libc_a-lcltime_r.o) (__month_lengths)
C:/Users/inaci/.pico-sdk/toolchain/13_3_Rel1/bin/../lib/gcc/arm-none-eabi/13.3.1/thumb/v6-m/nofp\libg.a(libc_a-tzcalc_limits.o)
                              C:/Users/inaci/.pico-sdk/toolchain/13_3_Rel1/bin/../lib/gcc/arm-none-eabi/13.3.1/thumb/v6-m/nofp\libg.a(libc_a-lcltime_r.o) (__tzcalc_limits)
C:/Users/inaci/.pico-sdk/toolchain/13_3_Rel1/bin/../lib/gcc/arm-none-eabi/13.3.1/thumb/v6-m/nofp\libg.a(libc_a-tzlock.o)
                              C:/Users/inaci/.pico-sdk/toolchain/13_3_Rel1/bin/../lib/gcc/arm-none-eabi/13.3.1/thumb/v6-m/nofp\libg.a(libc_a-lcltime_r.o) (__tz_lock)
C:/Users/inaci/.pico-sdk/toolchain/13_3_Rel1/bin/../lib/gcc/arm-none-eabi/13.3.1/thumb/v6-m/nofp\libg.a(libc_a-tzset.o)
                              C:/Users/inaci/.pico-sdk/toolchain/13_3_Rel1/bin/../lib/gcc/arm-none-eabi/13.3.1/thumb/v6-m/nofp\libg.a(libc_a-lcltime_r.o) (_tzset_unlocked)
C:/Users/inaci/.pico-sdk/toolchain/13_3_Rel1/bin/../lib/gcc/arm-none-eabi/13.3.1/thumb/v6-m/nofp\libg.a(libc_a-tzset_r.o)
                              C:/Users/inaci/.pico-sdk/toolchain/13_3_Rel1/bin/../lib/gcc/arm-none-eabi/13.3.1/thumb/v6-m/nofp\libg.a(libc_a-tzset.o) (_tzset_unlocked_r)
[...]
Memory Configuration

Name             Origin             Length             Attributes
FLASH            0x10000000         0x00200000         xr
RAM              0x20000000         0x00040000         xrw
SCRATCH_X        0x20040000         0x00001000         xrw
SCRATCH_Y        0x20041000         0x00001000         xrw
*default*        0x00000000         0xffffffff

Linker script and memory map

LOAD C:/Users/inaci/.pico-sdk/toolchain/13_3_Rel1/bin/../lib/gcc/arm-none-eabi/13.3.1/thumb/v6-m/nofp/crti.o
LOAD C:/Users/inaci/.pico-sdk/toolchain/13_3_Rel1/bin/../lib/gcc/arm-none-eabi/13.3.1/thumb/v6-m/nofp/crtbegin.o
LOAD C:/Users/inaci/.pico-sdk/toolchain/13_3_Rel1/bin/../lib/gcc/arm-none-eabi/13.3.1/thumb/v6-m/nofp/crt0.o

.flash_begin    0x10000000        0x0
                0x10000000                        __flash_binary_start = .

.boot2          0x10000000      0x100
                0x10000000                        __boot2_start__ = .
 *(.boot2)
 .boot2         0x10000000      0x100 pico-sdk/src/rp2040/boot_stage2/CMakeFiles/bs2_default_library.dir/./bs2_default_padded_checksummed.S.obj
                0x10000100                        __boot2_end__ = .
                0x00000001                        ASSERT (((__boot2_end__ - __boot2_start__) == 0x100), ERROR: Pico second stage bootloader must be 256 bytes in size)

.text           0x10000100     0xdb2c
                0x10000100                        __logical_binary_start = .
 *(.vectors)
 .vectors       0x10000100       0xd4 CMakeFiles/DisplayC.dir/C_/Users/inaci/.pico-sdk/sdk/2.1.0/src/rp2_common/pico_crt0/crt0.S.obj
                0x10000100                __VECTOR_TABLE
                0x10000100                __vectors
                0x100001c0                isr_invalid
                0x100001c0                __default_isrs_start
                0x100001c2                isr_nmi
                0x100001c4                isr_hardfault
                0x100001c6                isr_svcall
                0x100001c8                isr_pendsv
                0x100001ca                isr_systick
                0x100001cc                isr_irq23
                0x100001cc                isr_irq18
                0x100001cc                isr_irq11
                0x100001cc                isr_irq28
                0x100001cc                isr_irq19
                0x100001cc                isr_irq0
                0x100001cc                isr_irq6
                0x100001cc                isr_irq5
                0x100001cc                isr_irq12
                0x100001cc                isr_irq22
                0x100001cc                isr_irq31
                0x100001cc                isr_irq17
                0x100001cc                isr_irq27
                0x100001cc                isr_irq30
                0x100001cc                isr_irq2
                0x100001cc                isr_irq10
                0x100001cc                isr_irq8
                0x100001cc                isr_irq24
                0x100001cc                isr_irq1
                0x100001cc                isr_irq7
                0x100001cc                isr_irq21
                0x100001cc                isr_irq20
                0x100001cc                isr_irq15
                0x100001cc                isr_irq25
                0x100001cc                isr_irq13
                0x100001cc                __unhandled_user_irq
                0x100001cc                isr_irq4
                0x100001cc                isr_irq16
                0x100001cc                isr_irq29
                0x100001cc                isr_irq26
                0x100001cc                __default_isrs_end
                0x100001cc                isr_irq3
                0x100001cc                isr_irq14
                0x100001cc                isr_irq9
                0x100001d2                unhandled_user_irq_num_in_r0
 *(.binary_info_header)
 .binary_info_header
                0x100001d4       0x14 CMakeFiles/DisplayC.dir/C_/Users/inaci/.pico-sdk/sdk/2.1.0/src/rp2_common/pico_crt0/crt0.S.obj
                0x100001e8                        __binary_info_header_end = .
 *(.embedded_block)
                0x100001e8                        __embedded_block_end = .
 *(.reset)
 .reset         0x100001e8       0x9c CMakeFiles/DisplayC.dir/C_/Users/inaci/.pico-sdk/sdk/2.1.0/src/rp2_common/pico_crt0/crt0.S.obj
                0x100001e8                _entry_point
 *(.init)
 .init          0x10000284        0x4 C:/Users/inaci/.pico-sdk/toolchain/13_3_Rel1/bin/../lib/gcc/arm-none-eabi/13.3.1/thumb/v6-m/nofp/crti.o
                0x10000284                _init
 *(EXCLUDE_FILE(*libm.a: *libc.a:*lib_a-mem*.o *libgcc.a:) .text*)
 .text.register_tm_clones
                0x10000288       0x28 C:/Users/inaci/.pico-sdk/toolchain/13_3_Rel1/bin/../lib/gcc/arm-none-eabi/13.3.1/thumb/v6-m/nofp/crtbegin.o
 .text.frame_dummy
                0x100002b0       0x24 C:/Users/inaci/.pico-sdk/toolchain/13_3_Rel1/bin/../lib/gcc/arm-none-eabi/13.3.1/thumb/v6-m/nofp/crtbegin.o
 .text.botao_A_callback
                0x100002d4       0xa4 CMakeFiles/DisplayC.dir/DisplayC.c.obj
                0x100002d4                botao_A_callback
 .text.botao_B_callback
                0x10000378       0xa4 CMakeFiles/DisplayC.dir/DisplayC.c.obj
                0x10000378                botao_B_callback
 .text.gpio_callback
                0x1000041c       0x18 CMakeFiles/DisplayC.dir/DisplayC.c.obj
                0x1000041c                gpio_callback
 .text.startup.main
                0x10000434      0x38c CMakeFiles/DisplayC.dir/DisplayC.c.obj
                0x10000434                main
 .text.ssd1306_init
                0x100007c0       0x34 CMakeFiles/DisplayC.dir/inc/ssd1306.c.obj
                0x100007c0                ssd1306_init
 .text.ssd1306_config
                0x100007f4      0x1d0 CMakeFiles/DisplayC.dir/inc/ssd1306.c.obj
                0x100007f4                ssd1306_config
 .text.ssd1306_send_data
                0x100009c4       0x8c CMakeFiles/DisplayC.dir/inc/ssd1306.c.obj
                0x100009c4                ssd1306_send_data
 .text.ssd1306_fill
                0x10000a50       0x80 CMakeFiles/DisplayC.dir/inc/ssd1306.c.obj
                0x10000a50                ssd1306_fill
 .text.ssd1306_draw_char
                0x10000ad0      0x264 CMakeFiles/DisplayC.dir/inc/ssd1306.c.obj
                0x10000ad0                ssd1306_draw_char
 .text.ssd1306_draw_string
                0x10000d34       0x40 CMakeFiles/DisplayC.dir/inc/ssd1306.c.obj
                0x10000d34                ssd1306_draw_string
 .text.gpio_default_irq_handler
                0x10000d74      0x274 CMakeFiles/DisplayC.dir/C_/Users/inaci/.pico-sdk/sdk/2.1.0/src/rp2_common/hardware_gpio/gpio.c.obj
 .text.gpio_set_function
                0x10000fe8       0x34 CMakeFiles/DisplayC.dir/C_/Users/inaci/.pico-sdk/sdk/2.1.0/src/rp2_common/hardware_gpio/gpio.c.obj
                0x10000fe8                gpio_set_function
 .text.gpio_set_pulls
                0x1000101c       0x28 CMakeFiles/DisplayC.dir/C_/Users/inaci/.pico-sdk/sdk/2.1.0/src/rp2_common/hardware_gpio/gpio.c.obj
                0x1000101c                gpio_set_pulls
 .text.gpio_set_irq_enabled_with_callback
                0x10001044       0xd0 CMakeFiles/DisplayC.dir/C_/Users/inaci/.pico-sdk/sdk/2.1.0/src/rp2_common/hardware_gpio/gpio.c.obj
                0x10001044                gpio_set_irq_enabled_with_callback
 .text.gpio_acknowledge_irq
                0x10001114       0x1c CMakeFiles/DisplayC.dir/C_/Users/inaci/.pico-sdk/sdk/2.1.0/src/rp2_common/hardware_gpio/gpio.c.obj
                0x10001114                gpio_acknowledge_irq
 .text.gpio_init
                0x10001130       0x40 CMakeFiles/DisplayC.dir/C_/Users/inaci/.pico-sdk/sdk/2.1.0/src/rp2_common/hardware_gpio/gpio.c.obj
                0x10001130                gpio_init
 .text.rp2040_chip_version
                0x10001170        0xc CMakeFiles/DisplayC.dir/C_/Users/inaci/.pico-sdk/sdk/2.1.0/src/rp2040/pico_platform/platform.c.obj
                0x10001170                rp2040_chip_version
 .text.panic    0x1000117c       0x30 CMakeFiles/DisplayC.dir/C_/Users/inaci/.pico-sdk/sdk/2.1.0/src/rp2_common/pico_platform_panic/panic.c.obj
                0x1000117c                panic
 .text.hw_claim_lock
                0x100011ac       0x18 CMakeFiles/DisplayC.dir/C_/Users/inaci/.pico-sdk/sdk/2.1.0/src/common/hardware_claim/claim.c.obj
                0x100011ac                hw_claim_lock
 .text.hw_claim_unlock
                0x100011c4       0x14 CMakeFiles/DisplayC.dir/C_/Users/inaci/.pico-sdk/sdk/2.1.0/src/common/hardware_claim/claim.c.obj
                0x100011c4                hw_claim_unlock
 .text.hw_claim_or_assert
                0x100011d8       0x44 CMakeFiles/DisplayC.dir/C_/Users/inaci/.pico-sdk/sdk/2.1.0/src/common/hardware_claim/claim.c.obj
                0x100011d8                hw_claim_or_assert
 .text.hw_claim_unused_from_range
                0x1000121c       0x9c CMakeFiles/DisplayC.dir/C_/Users/inaci/.pico-sdk/sdk/2.1.0/src/common/hardware_claim/claim.c.obj
                0x1000121c                hw_claim_unused_from_range
 .text.next_striped_spin_lock_num
                0x100012b8       0x18 CMakeFiles/DisplayC.dir/C_/Users/inaci/.pico-sdk/sdk/2.1.0/src/rp2_common/hardware_sync/sync.c.obj
                0x100012b8                next_striped_spin_lock_num
 .text.spin_lock_claim_unused
                0x100012d0       0x24 CMakeFiles/DisplayC.dir/C_/Users/inaci/.pico-sdk/sdk/2.1.0/src/rp2_common/hardware_sync/sync.c.obj
                0x100012d0                spin_lock_claim_unused
 .text.spin_locks_reset
                0x100012f4       0x1c CMakeFiles/DisplayC.dir/C_/Users/inaci/.pico-sdk/sdk/2.1.0/src/rp2_common/hardware_sync_spin_lock/sync_spin_lock.c.obj
                0x100012f4                spin_locks_reset
 .text.runtime_init_per_core_irq_priorities
                0x10001310       0x24 CMakeFiles/DisplayC.dir/C_/Users/inaci/.pico-sdk/sdk/2.1.0/src/rp2_common/hardware_irq/irq.c.obj
                0x10001310                runtime_init_per_core_irq_priorities
 .text.irq_set_enabled
                0x10001334       0x24 CMakeFiles/DisplayC.dir/C_/Users/inaci/.pico-sdk/sdk/2.1.0/src/rp2_common/hardware_irq/irq.c.obj
                0x10001334                irq_set_enabled
 .text.irq_is_enabled
                0x10001358       0x18 CMakeFiles/DisplayC.dir/C_/Users/inaci/.pico-sdk/sdk/2.1.0/src/rp2_common/hardware_irq/irq.c.obj
                0x10001358                irq_is_enabled
 .text.irq_set_pending
                0x10001370       0x10 CMakeFiles/DisplayC.dir/C_/Users/inaci/.pico-sdk/sdk/2.1.0/src/rp2_common/hardware_irq/irq.c.obj
                0x10001370                irq_set_pending
 .text.irq_has_shared_handler
                0x10001380       0x2c CMakeFiles/DisplayC.dir/C_/Users/inaci/.pico-sdk/sdk/2.1.0/src/rp2_common/hardware_irq/irq.c.obj
                0x10001380                irq_has_shared_handler
 .text.irq_set_exclusive_handler
                0x100013ac       0x54 CMakeFiles/DisplayC.dir/C_/Users/inaci/.pico-sdk/sdk/2.1.0/src/rp2_common/hardware_irq/irq.c.obj
                0x100013ac                irq_set_exclusive_handler
 .text.irq_add_shared_handler
                0x10001400      0x1f4 CMakeFiles/DisplayC.dir/C_/Users/inaci/.pico-sdk/sdk/2.1.0/src/rp2_common/hardware_irq/irq.c.obj
                0x10001400                irq_add_shared_handler
 .text.irq_remove_handler
                0x100015f4      0x1d4 CMakeFiles/DisplayC.dir/C_/Users/inaci/.pico-sdk/sdk/2.1.0/src/rp2_common/hardware_irq/irq.c.obj
                0x100015f4                irq_remove_handler
 .text.irq_add_tail_to_free_list
                0x100017c8       0xb4 CMakeFiles/DisplayC.dir/C_/Users/inaci/.pico-sdk/sdk/2.1.0/src/rp2_common/hardware_irq/irq.c.obj
                0x100017c8                irq_add_tail_to_free_list
 .text.user_irq_claim_unused
                0x1000187c       0x2c CMakeFiles/DisplayC.dir/C_/Users/inaci/.pico-sdk/sdk/2.1.0/src/rp2_common/hardware_irq/irq.c.obj
                0x1000187c                user_irq_claim_unused
 .text.lock_init
                0x100018a8       0x10 CMakeFiles/DisplayC.dir/C_/Users/inaci/.pico-sdk/sdk/2.1.0/src/common/pico_sync/lock_core.c.obj
                0x100018a8                lock_init
 .text.runtime_init_mutex
                0x100018b8       0x50 CMakeFiles/DisplayC.dir/C_/Users/inaci/.pico-sdk/sdk/2.1.0/src/common/pico_sync/mutex.c.obj
                0x100018b8                runtime_init_mutex
 .text.mutex_init
                0x10001908       0x1c CMakeFiles/DisplayC.dir/C_/Users/inaci/.pico-sdk/sdk/2.1.0/src/common/pico_sync/mutex.c.obj
                0x10001908                mutex_init
 .text.critical_section_init
                0x10001924       0x1c CMakeFiles/DisplayC.dir/C_/Users/inaci/.pico-sdk/sdk/2.1.0/src/common/pico_sync/critical_section.c.obj
                0x10001924                critical_section_init
 .text.critical_section_init_with_lock_num
                0x10001940       0x14 CMakeFiles/DisplayC.dir/C_/Users/inaci/.pico-sdk/sdk/2.1.0/src/common/pico_sync/critical_section.c.obj
                0x10001940                critical_section_init_with_lock_num
 .text.sleep_until_callback
                0x10001954       0x30 CMakeFiles/DisplayC.dir/C_/Users/inaci/.pico-sdk/sdk/2.1.0/src/common/pico_time/time.c.obj
 .text.alarm_pool_irq_handler
                0x10001984      0x2fc CMakeFiles/DisplayC.dir/C_/Users/inaci/.pico-sdk/sdk/2.1.0/src/common/pico_time/time.c.obj
 .text.runtime_init_default_alarm_pool
                0x10001c80       0xdc CMakeFiles/DisplayC.dir/C_/Users/inaci/.pico-sdk/sdk/2.1.0/src/common/pico_time/time.c.obj
                0x10001c80                runtime_init_default_alarm_pool
 .text.alarm_pool_get_default
                0x10001d5c        0x8 CMakeFiles/DisplayC.dir/C_/Users/inaci/.pico-sdk/sdk/2.1.0/src/common/pico_time/time.c.obj
                0x10001d5c                alarm_pool_get_default
 .text.alarm_pool_add_alarm_at
                0x10001d64       0xd4 CMakeFiles/DisplayC.dir/C_/Users/inaci/.pico-sdk/sdk/2.1.0/src/common/pico_time/time.c.obj
                0x10001d64                alarm_pool_add_alarm_at
 .text.alarm_pool_add_alarm_at_force_in_context
                0x10001e38       0xb0 CMakeFiles/DisplayC.dir/C_/Users/inaci/.pico-sdk/sdk/2.1.0/src/common/pico_time/time.c.obj
                0x10001e38                alarm_pool_add_alarm_at_force_in_context
 .text.alarm_pool_cancel_alarm
                0x10001ee8       0x74 CMakeFiles/DisplayC.dir/C_/Users/inaci/.pico-sdk/sdk/2.1.0/src/common/pico_time/time.c.obj
                0x10001ee8                alarm_pool_cancel_alarm
 .text.alarm_pool_core_num
                0x10001f5c        0x4 CMakeFiles/DisplayC.dir/C_/Users/inaci/.pico-sdk/sdk/2.1.0/src/common/pico_time/time.c.obj
                0x10001f5c                alarm_pool_core_num
 .text.sleep_until
                0x10001f60       0xd8 CMakeFiles/DisplayC.dir/C_/Users/inaci/.pico-sdk/sdk/2.1.0/src/common/pico_time/time.c.obj
                0x10001f60                sleep_until
 .text.sleep_ms
                0x10002038       0x38 CMakeFiles/DisplayC.dir/C_/Users/inaci/.pico-sdk/sdk/2.1.0/src/common/pico_time/time.c.obj
                0x10002038                sleep_ms
 .text.best_effort_wfe_or_timeout
                0x10002070       0xe0 CMakeFiles/DisplayC.dir/C_/Users/inaci/.pico-sdk/sdk/2.1.0/src/common/pico_time/time.c.obj
                0x10002070                best_effort_wfe_or_timeout
 .text.timer_hardware_alarm_claim
                0x10002150       0x14 CMakeFiles/DisplayC.dir/C_/Users/inaci/.pico-sdk/sdk/2.1.0/src/rp2_common/hardware_timer/timer.c.obj
                0x10002150                timer_hardware_alarm_claim
 .text.timer_time_us_64
                0x10002164       0x10 CMakeFiles/DisplayC.dir/C_/Users/inaci/.pico-sdk/sdk/2.1.0/src/rp2_common/hardware_timer/timer.c.obj
                0x10002164                timer_time_us_64
 .text.time_us_64
                0x10002174       0x14 CMakeFiles/DisplayC.dir/C_/Users/inaci/.pico-sdk/sdk/2.1.0/src/rp2_common/hardware_timer/timer.c.obj
                0x10002174                time_us_64
 .text.busy_wait_us
                0x10002188       0x68 CMakeFiles/DisplayC.dir/C_/Users/inaci/.pico-sdk/sdk/2.1.0/src/rp2_common/hardware_timer/timer.c.obj
                0x10002188                busy_wait_us
 .text.busy_wait_until
                0x100021f0       0x20 CMakeFiles/DisplayC.dir/C_/Users/inaci/.pico-sdk/sdk/2.1.0/src/rp2_common/hardware_timer/timer.c.obj
                0x100021f0                busy_wait_until
 .text.clock_configure_int_divider
                0x10002210       0xf4 CMakeFiles/DisplayC.dir/C_/Users/inaci/.pico-sdk/sdk/2.1.0/src/rp2_common/hardware_clocks/clocks.c.obj
                0x10002210                clock_configure_int_divider
 .text.clock_configure_undivided
                0x10002304       0xe8 CMakeFiles/DisplayC.dir/C_/Users/inaci/.pico-sdk/sdk/2.1.0/src/rp2_common/hardware_clocks/clocks.c.obj
                0x10002304                clock_configure_undivided
 .text.clock_get_hz
                0x100023ec        0xc CMakeFiles/DisplayC.dir/C_/Users/inaci/.pico-sdk/sdk/2.1.0/src/rp2_common/hardware_clocks/clocks.c.obj
                0x100023ec                clock_get_hz
 .text.pll_init
                0x100023f8       0xa4 CMakeFiles/DisplayC.dir/C_/Users/inaci/.pico-sdk/sdk/2.1.0/src/rp2_common/hardware_pll/pll.c.obj
                0x100023f8                pll_init
 .text.watchdog_reboot
                0x1000249c       0x9c CMakeFiles/DisplayC.dir/C_/Users/inaci/.pico-sdk/sdk/2.1.0/src/rp2_common/hardware_watchdog/watchdog.c.obj
                0x1000249c                watchdog_reboot
 .text.tick_start
                0x10002538       0x10 CMakeFiles/DisplayC.dir/C_/Users/inaci/.pico-sdk/sdk/2.1.0/src/rp2_common/hardware_ticks/ticks.c.obj
                0x10002538                tick_start
 .text.rom_func_lookup
                0x10002548       0x10 CMakeFiles/DisplayC.dir/C_/Users/inaci/.pico-sdk/sdk/2.1.0/src/rp2_common/pico_bootrom/bootrom.c.obj
                0x10002548                rom_func_lookup
 .text.rom_data_lookup
                0x10002558       0x10 CMakeFiles/DisplayC.dir/C_/Users/inaci/.pico-sdk/sdk/2.1.0/src/rp2_common/pico_bootrom/bootrom.c.obj
                0x10002558                rom_data_lookup
 .text.rom_funcs_lookup
                0x10002568       0x44 CMakeFiles/DisplayC.dir/C_/Users/inaci/.pico-sdk/sdk/2.1.0/src/rp2_common/pico_bootrom/bootrom.c.obj
                0x10002568                rom_funcs_lookup
 .text.rom_reset_usb_boot_extra
                0x100025ac       0x28 CMakeFiles/DisplayC.dir/C_/Users/inaci/.pico-sdk/sdk/2.1.0/src/rp2_common/pico_bootrom/bootrom.c.obj
                0x100025ac                rom_reset_usb_boot_extra
 .text.xosc_init
                0x100025d4       0x28 CMakeFiles/DisplayC.dir/C_/Users/inaci/.pico-sdk/sdk/2.1.0/src/rp2_common/hardware_xosc/xosc.c.obj
                0x100025d4                xosc_init
 .text.first_per_core_initializer
                0x100025fc        0x4 CMakeFiles/DisplayC.dir/C_/Users/inaci/.pico-sdk/sdk/2.1.0/src/rp2_common/pico_runtime/runtime.c.obj
 .text.hard_assertion_failure
                0x10002600        0xc CMakeFiles/DisplayC.dir/C_/Users/inaci/.pico-sdk/sdk/2.1.0/src/rp2_common/pico_runtime/runtime.c.obj
                0x10002600                hard_assertion_failure
 .text.runtime_run_initializers
                0x1000260c       0x28 CMakeFiles/DisplayC.dir/C_/Users/inaci/.pico-sdk/sdk/2.1.0/src/rp2_common/pico_runtime/runtime.c.obj
                0x1000260c                runtime_run_initializers
 .text.runtime_init_early_resets
                0x10002634       0x2c CMakeFiles/DisplayC.dir/C_/Users/inaci/.pico-sdk/sdk/2.1.0/src/rp2_common/pico_runtime_init/runtime_init.c.obj
                0x10002634                runtime_init_early_resets
 .text.runtime_init_usb_power_down
                0x10002660       0x1c CMakeFiles/DisplayC.dir/C_/Users/inaci/.pico-sdk/sdk/2.1.0/src/rp2_common/pico_runtime_init/runtime_init.c.obj
                0x10002660                runtime_init_usb_power_down
 .text.runtime_init_post_clock_resets
                0x1000267c       0x20 CMakeFiles/DisplayC.dir/C_/Users/inaci/.pico-sdk/sdk/2.1.0/src/rp2_common/pico_runtime_init/runtime_init.c.obj
                0x1000267c                runtime_init_post_clock_resets
 .text.runtime_init_rp2040_gpio_ie_disable
                0x1000269c       0x14 CMakeFiles/DisplayC.dir/C_/Users/inaci/.pico-sdk/sdk/2.1.0/src/rp2_common/pico_runtime_init/runtime_init.c.obj
                0x1000269c                runtime_init_rp2040_gpio_ie_disable
 .text.runtime_init_spin_locks_reset
                0x100026b0        0x8 CMakeFiles/DisplayC.dir/C_/Users/inaci/.pico-sdk/sdk/2.1.0/src/rp2_common/pico_runtime_init/runtime_init.c.obj
                0x100026b0                runtime_init_spin_locks_reset
 .text.runtime_init_install_ram_vector_table
                0x100026b8       0x1c CMakeFiles/DisplayC.dir/C_/Users/inaci/.pico-sdk/sdk/2.1.0/src/rp2_common/pico_runtime_init/runtime_init.c.obj
                0x100026b8                runtime_init_install_ram_vector_table
 .text.runtime_init_clocks
                0x100026d4       0xd8 CMakeFiles/DisplayC.dir/C_/Users/inaci/.pico-sdk/sdk/2.1.0/src/rp2_common/pico_runtime_init/runtime_init_clocks.c.obj
                0x100026d4                runtime_init_clocks
 .text          0x100027ac       0x10 CMakeFiles/DisplayC.dir/C_/Users/inaci/.pico-sdk/sdk/2.1.0/src/rp2_common/pico_bit_ops/bit_ops_aeabi.S.obj
 .text.__wrap___aeabi_idiv
                0x100027bc       0x50 CMakeFiles/DisplayC.dir/C_/Users/inaci/.pico-sdk/sdk/2.1.0/src/rp2_common/pico_divider/divider_hardware.S.obj
                0x100027bc                __wrap___aeabi_idivmod
                0x100027bc                divmod_s32s32
                0x100027bc                div_s32s32
                0x100027bc                __wrap___aeabi_idiv
                0x100027c4                divmod_s32s32_unsafe
                0x100027f0                divmod_s32s32_savestate
 .text.__wrap___aeabi_uidiv
                0x1000280c       0x4c CMakeFiles/DisplayC.dir/C_/Users/inaci/.pico-sdk/sdk/2.1.0/src/rp2_common/pico_divider/divider_hardware.S.obj
                0x1000280c                __wrap___aeabi_uidiv
                0x1000280c                __wrap___aeabi_uidivmod
                0x1000280c                div_u32u32
                0x1000280c                divmod_u32u32
                0x10002814                divmod_u32u32_unsafe
                0x1000283c                divmod_u32u32_savestate
 .text.__wrap___aeabi_ldiv
                0x10002858      0x424 CMakeFiles/DisplayC.dir/C_/Users/inaci/.pico-sdk/sdk/2.1.0/src/rp2_common/pico_divider/divider_hardware.S.obj
                0x10002858                div_s64s64
                0x10002858                divmod_s64s64
                0x10002858                __wrap___aeabi_ldivmod
                0x10002888                divmod_u64u64
                0x10002888                div_u64u64
                0x10002888                __wrap___aeabi_uldivmod
                0x10002898                divmod_u64u64_savestate
                0x100028b8                divmod_s64s64_unsafe
                0x10002940                divmod_u64u64_unsafe
 .text.__wrap___aeabi_darithmetic
                0x10002c7c       0x60 CMakeFiles/DisplayC.dir/C_/Users/inaci/.pico-sdk/sdk/2.1.0/src/rp2_common/pico_double/double_aeabi_rp2040.S.obj
                0x10002c7c                __wrap___aeabi_drsub
                0x10002c82                __wrap___aeabi_dsub
                0x10002c8c                __wrap___aeabi_dadd
                0x10002c96                __wrap___aeabi_ddiv
                0x10002cca                __wrap___aeabi_dmul
 .text.__wrap___aeabi_cdcmple
                0x10002cdc       0x6c CMakeFiles/DisplayC.dir/C_/Users/inaci/.pico-sdk/sdk/2.1.0/src/rp2_common/pico_double/double_aeabi_rp2040.S.obj
                0x10002cdc                __wrap___aeabi_cdrcmple
                0x10002cec                __wrap___aeabi_cdcmpeq
                0x10002cec                __wrap___aeabi_cdcmple
 .text.__wrap___aeabi_dcmpeq
                0x10002d48       0x10 CMakeFiles/DisplayC.dir/C_/Users/inaci/.pico-sdk/sdk/2.1.0/src/rp2_common/pico_double/double_aeabi_rp2040.S.obj
                0x10002d48                __wrap___aeabi_dcmpeq
 .text.__wrap___aeabi_dcmplt
                0x10002d58        0xc CMakeFiles/DisplayC.dir/C_/Users/inaci/.pico-sdk/sdk/2.1.0/src/rp2_common/pico_double/double_aeabi_rp2040.S.obj
                0x10002d58                __wrap___aeabi_dcmplt
 .text.__wrap___aeabi_dcmple
                0x10002d64       0x10 CMakeFiles/DisplayC.dir/C_/Users/inaci/.pico-sdk/sdk/2.1.0/src/rp2_common/pico_double/double_aeabi_rp2040.S.obj
                0x10002d64                __wrap___aeabi_dcmple
 .text.__wrap___aeabi_dcmpge
                0x10002d74       0x10 CMakeFiles/DisplayC.dir/C_/Users/inaci/.pico-sdk/sdk/2.1.0/src/rp2_common/pico_double/double_aeabi_rp2040.S.obj
                0x10002d74                __wrap___aeabi_dcmpge
 .text.__wrap___aeabi_dcmpgt
                0x10002d84        0xa CMakeFiles/DisplayC.dir/C_/Users/inaci/.pico-sdk/sdk/2.1.0/src/rp2_common/pico_double/double_aeabi_rp2040.S.obj
                0x10002d84                __wrap___aeabi_dcmpgt
 .text.__wrap___aeabi_dcmpun
                0x10002d8e       0x18 CMakeFiles/DisplayC.dir/C_/Users/inaci/.pico-sdk/sdk/2.1.0/src/rp2_common/pico_double/double_aeabi_rp2040.S.obj
                0x10002d8e                __wrap___aeabi_dcmpun
 *fill*         0x10002da6        0x2 
 .text.__wrap___aeabi_i2d
                0x10002da8       0x38 CMakeFiles/DisplayC.dir/C_/Users/inaci/.pico-sdk/sdk/2.1.0/src/rp2_common/pico_double/double_aeabi_rp2040.S.obj
                0x10002da8                __wrap___aeabi_ui2d
                0x10002db0                __wrap___aeabi_i2d
 .text.__wrap___aeabi_d2iz
                0x10002de0       0x48 CMakeFiles/DisplayC.dir/C_/Users/inaci/.pico-sdk/sdk/2.1.0/src/rp2_common/pico_double/double_aeabi_rp2040.S.obj
                0x10002de0                double2int_z
                0x10002de0                __wrap___aeabi_d2iz
 .text.__wrap___aeabi_d2uiz
                0x10002e28       0x10 CMakeFiles/DisplayC.dir/C_/Users/inaci/.pico-sdk/sdk/2.1.0/src/rp2_common/pico_double/double_aeabi_rp2040.S.obj
                0x10002e28                __wrap___aeabi_d2uiz
                0x10002e28                double2uint
 .text.__wrap___aeabi_l2d
                0x10002e38       0x10 CMakeFiles/DisplayC.dir/C_/Users/inaci/.pico-sdk/sdk/2.1.0/src/rp2_common/pico_double/double_aeabi_rp2040.S.obj
                0x10002e38                __wrap___aeabi_l2d
 .text.__wrap___aeabi_d2lz
                0x10002e48       0x26 CMakeFiles/DisplayC.dir/C_/Users/inaci/.pico-sdk/sdk/2.1.0/src/rp2_common/pico_double/double_aeabi_rp2040.S.obj
                0x10002e48                double2int64_z
                0x10002e48                __wrap___aeabi_d2lz
 *fill*         0x10002e6e        0x2 
 .text.double2int64
                0x10002e70       0x10 CMakeFiles/DisplayC.dir/C_/Users/inaci/.pico-sdk/sdk/2.1.0/src/rp2_common/pico_double/double_aeabi_rp2040.S.obj
                0x10002e70                double2int64
 .text.double2ufix64
                0x10002e80       0x10 CMakeFiles/DisplayC.dir/C_/Users/inaci/.pico-sdk/sdk/2.1.0/src/rp2_common/pico_double/double_aeabi_rp2040.S.obj
                0x10002e80                double2ufix64
 .text.__wrap___aeabi_d2f
                0x10002e90       0x10 CMakeFiles/DisplayC.dir/C_/Users/inaci/.pico-sdk/sdk/2.1.0/src/rp2_common/pico_double/double_aeabi_rp2040.S.obj
                0x10002e90                __wrap___aeabi_d2f
 .text.missing_double_func_shim
                0x10002ea0        0xc CMakeFiles/DisplayC.dir/C_/Users/inaci/.pico-sdk/sdk/2.1.0/src/rp2_common/pico_double/double_init_rom_rp2040.c.obj
 .text.__aeabi_double_init
                0x10002eac       0xa0 CMakeFiles/DisplayC.dir/C_/Users/inaci/.pico-sdk/sdk/2.1.0/src/rp2_common/pico_double/double_init_rom_rp2040.c.obj
                0x10002eac                __aeabi_double_init
 .text.double_table_shim_on_use_helper
                0x10002f4c       0x2c CMakeFiles/DisplayC.dir/C_/Users/inaci/.pico-sdk/sdk/2.1.0/src/rp2_common/pico_double/double_v1_rom_shim_rp2040.S.obj
                0x10002f4c                double_table_shim_on_use_helper
 .text.__aeabi_lmul
                0x10002f78       0x32 CMakeFiles/DisplayC.dir/C_/Users/inaci/.pico-sdk/sdk/2.1.0/src/rp2_common/pico_int64_ops/pico_int64_ops_aeabi.S.obj
                0x10002f78                __wrap___aeabi_lmul
 *fill*         0x10002faa        0x2 
 .text.__wrap___aeabi_farithmetic
                0x10002fac       0x48 CMakeFiles/DisplayC.dir/C_/Users/inaci/.pico-sdk/sdk/2.1.0/src/rp2_common/pico_float/float_aeabi_rp2040.S.obj
                0x10002fac                __wrap___aeabi_frsub
                0x10002fb2                __wrap___aeabi_fsub
                0x10002fb8                __wrap___aeabi_fadd
                0x10002fbe                __wrap___aeabi_fdiv
                0x10002fe6                __wrap___aeabi_fmul
 .text.__wrap___aeabi_ui2f
                0x10002ff4        0xa CMakeFiles/DisplayC.dir/C_/Users/inaci/.pico-sdk/sdk/2.1.0/src/rp2_common/pico_float/float_aeabi_rp2040.S.obj
                0x10002ff4                __wrap___aeabi_ui2f
                0x10002ff4                uint2float
 *fill*         0x10002ffe        0x2 
 .text.__wrap___aeabi_i2f
                0x10003000       0x44 CMakeFiles/DisplayC.dir/C_/Users/inaci/.pico-sdk/sdk/2.1.0/src/rp2_common/pico_float/float_aeabi_rp2040.S.obj
                0x10003000                __wrap___aeabi_i2f
                0x10003000                int2float
 .text.__wrap___aeabi_f2uiz
                0x10003044        0xc CMakeFiles/DisplayC.dir/C_/Users/inaci/.pico-sdk/sdk/2.1.0/src/rp2_common/pico_float/float_aeabi_rp2040.S.obj
                0x10003044                __wrap___aeabi_f2uiz
                0x10003044                float2uint_z
 .text.missing_float_func_shim
                0x10003050        0xc CMakeFiles/DisplayC.dir/C_/Users/inaci/.pico-sdk/sdk/2.1.0/src/rp2_common/pico_float/float_init_rom_rp2040.c.obj
 .text.__aeabi_float_init
                0x1000305c       0x5c CMakeFiles/DisplayC.dir/C_/Users/inaci/.pico-sdk/sdk/2.1.0/src/rp2_common/pico_float/float_init_rom_rp2040.c.obj
                0x1000305c                __aeabi_float_init
 .text.__wrap_malloc
                0x100030b8       0x24 CMakeFiles/DisplayC.dir/C_/Users/inaci/.pico-sdk/sdk/2.1.0/src/rp2_common/pico_malloc/malloc.c.obj
                0x100030b8                __wrap_malloc
 .text.__wrap_calloc
                0x100030dc       0x28 CMakeFiles/DisplayC.dir/C_/Users/inaci/.pico-sdk/sdk/2.1.0/src/rp2_common/pico_malloc/malloc.c.obj
                0x100030dc                __wrap_calloc
 .text.__wrap_realloc
                0x10003104       0x24 CMakeFiles/DisplayC.dir/C_/Users/inaci/.pico-sdk/sdk/2.1.0/src/rp2_common/pico_malloc/malloc.c.obj
                0x10003104                __wrap_realloc
 .text.__wrap_free
                0x10003128        0x8 CMakeFiles/DisplayC.dir/C_/Users/inaci/.pico-sdk/sdk/2.1.0/src/rp2_common/pico_malloc/malloc.c.obj
                0x10003128                __wrap_free
 .text          0x10003130       0x10 CMakeFiles/DisplayC.dir/C_/Users/inaci/.pico-sdk/sdk/2.1.0/src/rp2_common/pico_mem_ops/mem_ops_aeabi.S.obj
                0x10003130                __aeabi_mem_init
 .text.memset   0x10003140        0xc CMakeFiles/DisplayC.dir/C_/Users/inaci/.pico-sdk/sdk/2.1.0/src/rp2_common/pico_mem_ops/mem_ops_aeabi.S.obj
                0x10003140                __wrap_memset
 .text.memcpy   0x1000314c        0xc CMakeFiles/DisplayC.dir/C_/Users/inaci/.pico-sdk/sdk/2.1.0/src/rp2_common/pico_mem_ops/mem_ops_aeabi.S.obj
                0x1000314c                __wrap_memcpy
                0x1000314c                __wrap___aeabi_memcpy
 .text._out_buffer
                0x10003158        0x8 CMakeFiles/DisplayC.dir/C_/Users/inaci/.pico-sdk/sdk/2.1.0/src/rp2_common/pico_printf/printf.c.obj
 .text._out_null
                0x10003160        0x4 CMakeFiles/DisplayC.dir/C_/Users/inaci/.pico-sdk/sdk/2.1.0/src/rp2_common/pico_printf/printf.c.obj
 .text._out_rev
                0x10003164       0xac CMakeFiles/DisplayC.dir/C_/Users/inaci/.pico-sdk/sdk/2.1.0/src/rp2_common/pico_printf/printf.c.obj
 .text._ntoa_format
                0x10003210      0x250 CMakeFiles/DisplayC.dir/C_/Users/inaci/.pico-sdk/sdk/2.1.0/src/rp2_common/pico_printf/printf.c.obj
 .text._out_char
                0x10003460       0x10 CMakeFiles/DisplayC.dir/C_/Users/inaci/.pico-sdk/sdk/2.1.0/src/rp2_common/pico_printf/printf.c.obj
 .text._out_fct
                0x10003470       0x10 CMakeFiles/DisplayC.dir/C_/Users/inaci/.pico-sdk/sdk/2.1.0/src/rp2_common/pico_printf/printf.c.obj
 .text._etoa    0x10003480      0x464 CMakeFiles/DisplayC.dir/C_/Users/inaci/.pico-sdk/sdk/2.1.0/src/rp2_common/pico_printf/printf.c.obj
 .text._ftoa    0x100038e4      0x3c0 CMakeFiles/DisplayC.dir/C_/Users/inaci/.pico-sdk/sdk/2.1.0/src/rp2_common/pico_printf/printf.c.obj
 .text._vsnprintf
                0x10003ca4      0xbc8 CMakeFiles/DisplayC.dir/C_/Users/inaci/.pico-sdk/sdk/2.1.0/src/rp2_common/pico_printf/printf.c.obj
 .text.__wrap_sprintf
                0x1000486c       0x2c CMakeFiles/DisplayC.dir/C_/Users/inaci/.pico-sdk/sdk/2.1.0/src/rp2_common/pico_printf/printf.c.obj
                0x1000486c                __wrap_sprintf
 .text.vfctprintf
                0x10004898       0x20 CMakeFiles/DisplayC.dir/C_/Users/inaci/.pico-sdk/sdk/2.1.0/src/rp2_common/pico_printf/printf.c.obj
                0x10004898                vfctprintf
 .text.weak_raw_printf
                0x100048b8       0x40 CMakeFiles/DisplayC.dir/C_/Users/inaci/.pico-sdk/sdk/2.1.0/src/rp2_common/pico_printf/printf.c.obj
                0x100048b8                weak_raw_printf
 .text.weak_raw_vprintf
                0x100048f8       0x30 CMakeFiles/DisplayC.dir/C_/Users/inaci/.pico-sdk/sdk/2.1.0/src/rp2_common/pico_printf/printf.c.obj
                0x100048f8                weak_raw_vprintf
 .text._exit    0x10004928        0x4 CMakeFiles/DisplayC.dir/C_/Users/inaci/.pico-sdk/sdk/2.1.0/src/rp2_common/pico_clib_interface/newlib_interface.c.obj
                0x10004928                _exit
 .text._sbrk    0x1000492c       0x34 CMakeFiles/DisplayC.dir/C_/Users/inaci/.pico-sdk/sdk/2.1.0/src/rp2_common/pico_clib_interface/newlib_interface.c.obj
                0x1000492c                _sbrk
 .text._read    0x10004960       0x24 CMakeFiles/DisplayC.dir/C_/Users/inaci/.pico-sdk/sdk/2.1.0/src/rp2_common/pico_clib_interface/newlib_interface.c.obj
                0x10004960                _read
 .text._write   0x10004984       0x24 CMakeFiles/DisplayC.dir/C_/Users/inaci/.pico-sdk/sdk/2.1.0/src/rp2_common/pico_clib_interface/newlib_interface.c.obj
                0x10004984                _write
 .text._close   0x100049a8        0x8 CMakeFiles/DisplayC.dir/C_/Users/inaci/.pico-sdk/sdk/2.1.0/src/rp2_common/pico_clib_interface/newlib_interface.c.obj
                0x100049a8                _close
 .text._lseek   0x100049b0        0x8 CMakeFiles/DisplayC.dir/C_/Users/inaci/.pico-sdk/sdk/2.1.0/src/rp2_common/pico_clib_interface/newlib_interface.c.obj
                0x100049b0                _lseek
 .text._fstat   0x100049b8        0x8 CMakeFiles/DisplayC.dir/C_/Users/inaci/.pico-sdk/sdk/2.1.0/src/rp2_common/pico_clib_interface/newlib_interface.c.obj
                0x100049b8                _fstat
 .text._isatty  0x100049c0        0xc CMakeFiles/DisplayC.dir/C_/Users/inaci/.pico-sdk/sdk/2.1.0/src/rp2_common/pico_clib_interface/newlib_interface.c.obj
                0x100049c0                _isatty
 .text.exit     0x100049cc        0x8 CMakeFiles/DisplayC.dir/C_/Users/inaci/.pico-sdk/sdk/2.1.0/src/rp2_common/pico_clib_interface/newlib_interface.c.obj
                0x100049cc                exit
 .text.__assert_func
                0x100049d4       0x38 CMakeFiles/DisplayC.dir/C_/Users/inaci/.pico-sdk/sdk/2.1.0/src/rp2_common/pico_clib_interface/newlib_interface.c.obj
                0x100049d4                __assert_func
 .text.runtime_init
                0x10004a0c       0x2c CMakeFiles/DisplayC.dir/C_/Users/inaci/.pico-sdk/sdk/2.1.0/src/rp2_common/pico_clib_interface/newlib_interface.c.obj
                0x10004a0c                runtime_init
 .text.stdio_out_chars_no_crlf
                0x10004a38       0x10 CMakeFiles/DisplayC.dir/C_/Users/inaci/.pico-sdk/sdk/2.1.0/src/rp2_common/pico_stdio/stdio.c.obj
 .text.stdio_out_chars_crlf
                0x10004a48       0x94 CMakeFiles/DisplayC.dir/C_/Users/inaci/.pico-sdk/sdk/2.1.0/src/rp2_common/pico_stdio/stdio.c.obj
 .text.stdio_buffered_printer
                0x10004adc       0x64 CMakeFiles/DisplayC.dir/C_/Users/inaci/.pico-sdk/sdk/2.1.0/src/rp2_common/pico_stdio/stdio.c.obj
 .text.stdio_put_string
                0x10004b40      0x100 CMakeFiles/DisplayC.dir/C_/Users/inaci/.pico-sdk/sdk/2.1.0/src/rp2_common/pico_stdio/stdio.c.obj
                0x10004b40                stdio_put_string
 .text.stdio_get_until
                0x10004c40       0x84 CMakeFiles/DisplayC.dir/C_/Users/inaci/.pico-sdk/sdk/2.1.0/src/rp2_common/pico_stdio/stdio.c.obj
                0x10004c40                stdio_get_until
 .text.stdio_set_driver_enabled
                0x10004cc4       0x30 CMakeFiles/DisplayC.dir/C_/Users/inaci/.pico-sdk/sdk/2.1.0/src/rp2_common/pico_stdio/stdio.c.obj
                0x10004cc4                stdio_set_driver_enabled
 .text.stdio_init_all
                0x10004cf4        0x8 CMakeFiles/DisplayC.dir/C_/Users/inaci/.pico-sdk/sdk/2.1.0/src/rp2_common/pico_stdio/stdio.c.obj
                0x10004cf4                stdio_init_all
 .text.__wrap_putchar
                0x10004cfc       0x98 CMakeFiles/DisplayC.dir/C_/Users/inaci/.pico-sdk/sdk/2.1.0/src/rp2_common/pico_stdio/stdio.c.obj
                0x10004cfc                __wrap_putchar
                0x10004cfc                stdio_putchar
 .text.__wrap_puts
                0x10004d94       0x3c CMakeFiles/DisplayC.dir/C_/Users/inaci/.pico-sdk/sdk/2.1.0/src/rp2_common/pico_stdio/stdio.c.obj
                0x10004d94                stdio_puts
                0x10004d94                __wrap_puts
 .text.__wrap_vprintf
                0x10004dd0       0xd4 CMakeFiles/DisplayC.dir/C_/Users/inaci/.pico-sdk/sdk/2.1.0/src/rp2_common/pico_stdio/stdio.c.obj
                0x10004dd0                stdio_vprintf
                0x10004dd0                __wrap_vprintf
 .text.__wrap_printf
                0x10004ea4       0x18 CMakeFiles/DisplayC.dir/C_/Users/inaci/.pico-sdk/sdk/2.1.0/src/rp2_common/pico_stdio/stdio.c.obj
                0x10004ea4                __wrap_printf
                0x10004ea4                stdio_printf
 .text.resetd_init
                0x10004ebc        0x4 CMakeFiles/DisplayC.dir/C_/Users/inaci/.pico-sdk/sdk/2.1.0/src/rp2_common/pico_stdio_usb/reset_interface.c.obj
 .text.resetd_reset
                0x10004ec0        0xc CMakeFiles/DisplayC.dir/C_/Users/inaci/.pico-sdk/sdk/2.1.0/src/rp2_common/pico_stdio_usb/reset_interface.c.obj
 .text.resetd_open
                0x10004ecc       0x28 CMakeFiles/DisplayC.dir/C_/Users/inaci/.pico-sdk/sdk/2.1.0/src/rp2_common/pico_stdio_usb/reset_interface.c.obj
 .text.resetd_xfer_cb
                0x10004ef4        0x4 CMakeFiles/DisplayC.dir/C_/Users/inaci/.pico-sdk/sdk/2.1.0/src/rp2_common/pico_stdio_usb/reset_interface.c.obj
 .text.resetd_control_xfer_cb
                0x10004ef8       0x5c CMakeFiles/DisplayC.dir/C_/Users/inaci/.pico-sdk/sdk/2.1.0/src/rp2_common/pico_stdio_usb/reset_interface.c.obj
 .text.tud_descriptor_bos_cb
                0x10004f54        0x8 CMakeFiles/DisplayC.dir/C_/Users/inaci/.pico-sdk/sdk/2.1.0/src/rp2_common/pico_stdio_usb/reset_interface.c.obj
                0x10004f54                tud_descriptor_bos_cb
 .text.tud_vendor_control_xfer_cb
                0x10004f5c       0x34 CMakeFiles/DisplayC.dir/C_/Users/inaci/.pico-sdk/sdk/2.1.0/src/rp2_common/pico_stdio_usb/reset_interface.c.obj
                0x10004f5c                tud_vendor_control_xfer_cb
 .text.usbd_app_driver_get_cb
                0x10004f90        0xc CMakeFiles/DisplayC.dir/C_/Users/inaci/.pico-sdk/sdk/2.1.0/src/rp2_common/pico_stdio_usb/reset_interface.c.obj
                0x10004f90                usbd_app_driver_get_cb
 .text.tud_cdc_line_coding_cb
                0x10004f9c       0x2c CMakeFiles/DisplayC.dir/C_/Users/inaci/.pico-sdk/sdk/2.1.0/src/rp2_common/pico_stdio_usb/reset_interface.c.obj
                0x10004f9c                tud_cdc_line_coding_cb
 .text.stdio_usb_set_chars_available_callback
                0x10004fc8       0x14 CMakeFiles/DisplayC.dir/C_/Users/inaci/.pico-sdk/sdk/2.1.0/src/rp2_common/pico_stdio_usb/stdio_usb.c.obj
                0x10004fc8                stdio_usb_set_chars_available_callback
 .text.usb_irq  0x10004fdc       0x10 CMakeFiles/DisplayC.dir/C_/Users/inaci/.pico-sdk/sdk/2.1.0/src/rp2_common/pico_stdio_usb/stdio_usb.c.obj
 .text.timer_task
                0x10004fec       0x64 CMakeFiles/DisplayC.dir/C_/Users/inaci/.pico-sdk/sdk/2.1.0/src/rp2_common/pico_stdio_usb/stdio_usb.c.obj
 .text.stdio_usb_in_chars
                0x10005050       0x90 CMakeFiles/DisplayC.dir/C_/Users/inaci/.pico-sdk/sdk/2.1.0/src/rp2_common/pico_stdio_usb/stdio_usb.c.obj
                0x10005050                stdio_usb_in_chars
 .text.stdio_usb_out_flush
                0x100050e0       0x50 CMakeFiles/DisplayC.dir/C_/Users/inaci/.pico-sdk/sdk/2.1.0/src/rp2_common/pico_stdio_usb/stdio_usb.c.obj
 .text.stdio_usb_out_chars
                0x10005130      0x104 CMakeFiles/DisplayC.dir/C_/Users/inaci/.pico-sdk/sdk/2.1.0/src/rp2_common/pico_stdio_usb/stdio_usb.c.obj
 .text.low_priority_worker_irq
                0x10005234       0xcc CMakeFiles/DisplayC.dir/C_/Users/inaci/.pico-sdk/sdk/2.1.0/src/rp2_common/pico_stdio_usb/stdio_usb.c.obj
 .text.stdio_usb_init
                0x10005300       0xe8 CMakeFiles/DisplayC.dir/C_/Users/inaci/.pico-sdk/sdk/2.1.0/src/rp2_common/pico_stdio_usb/stdio_usb.c.obj
                0x10005300                stdio_usb_init
 .text.tud_descriptor_device_cb
                0x100053e8        0x8 CMakeFiles/DisplayC.dir/C_/Users/inaci/.pico-sdk/sdk/2.1.0/src/rp2_common/pico_stdio_usb/stdio_usb_descriptors.c.obj
                0x100053e8                tud_descriptor_device_cb
 .text.tud_descriptor_configuration_cb
                0x100053f0        0x8 CMakeFiles/DisplayC.dir/C_/Users/inaci/.pico-sdk/sdk/2.1.0/src/rp2_common/pico_stdio_usb/stdio_usb_descriptors.c.obj
                0x100053f0                tud_descriptor_configuration_cb
 .text.tud_descriptor_string_cb
                0x100053f8       0x78 CMakeFiles/DisplayC.dir/C_/Users/inaci/.pico-sdk/sdk/2.1.0/src/rp2_common/pico_stdio_usb/stdio_usb_descriptors.c.obj
                0x100053f8                tud_descriptor_string_cb
 .text.startup._retrieve_unique_id_on_boot
                0x10005470       0x10 CMakeFiles/DisplayC.dir/C_/Users/inaci/.pico-sdk/sdk/2.1.0/src/rp2_common/pico_unique_id/unique_id.c.obj
 .text.pico_get_unique_board_id_string
                0x10005480      0x1a8 CMakeFiles/DisplayC.dir/C_/Users/inaci/.pico-sdk/sdk/2.1.0/src/rp2_common/pico_unique_id/unique_id.c.obj
                0x10005480                pico_get_unique_board_id_string
 .text.flash_get_unique_id
                0x10005628       0x3c CMakeFiles/DisplayC.dir/C_/Users/inaci/.pico-sdk/sdk/2.1.0/src/rp2_common/hardware_flash/flash.c.obj
                0x10005628                flash_get_unique_id
 .text.dcd_init
                0x10005664       0x8c CMakeFiles/DisplayC.dir/C_/Users/inaci/.pico-sdk/sdk/2.1.0/lib/tinyusb/src/portable/raspberrypi/rp2040/dcd_rp2040.c.obj
                0x10005664                dcd_init
 .text.dcd_int_enable
                0x100056f0        0xc CMakeFiles/DisplayC.dir/C_/Users/inaci/.pico-sdk/sdk/2.1.0/lib/tinyusb/src/portable/raspberrypi/rp2040/dcd_rp2040.c.obj
                0x100056f0                dcd_int_enable
 .text.dcd_set_address
                0x100056fc       0x14 CMakeFiles/DisplayC.dir/C_/Users/inaci/.pico-sdk/sdk/2.1.0/lib/tinyusb/src/portable/raspberrypi/rp2040/dcd_rp2040.c.obj
                0x100056fc                dcd_set_address
 .text.dcd_sof_enable
                0x10005710       0x1c CMakeFiles/DisplayC.dir/C_/Users/inaci/.pico-sdk/sdk/2.1.0/lib/tinyusb/src/portable/raspberrypi/rp2040/dcd_rp2040.c.obj
                0x10005710                dcd_sof_enable
 .text.dcd_edpt0_status_complete
                0x1000572c       0x1c CMakeFiles/DisplayC.dir/C_/Users/inaci/.pico-sdk/sdk/2.1.0/lib/tinyusb/src/portable/raspberrypi/rp2040/dcd_rp2040.c.obj
                0x1000572c                dcd_edpt0_status_complete
 .text.dcd_edpt_open
                0x10005748      0x108 CMakeFiles/DisplayC.dir/C_/Users/inaci/.pico-sdk/sdk/2.1.0/lib/tinyusb/src/portable/raspberrypi/rp2040/dcd_rp2040.c.obj
                0x10005748                dcd_edpt_open
 .text.dcd_edpt_close_all
                0x10005850        0x8 CMakeFiles/DisplayC.dir/C_/Users/inaci/.pico-sdk/sdk/2.1.0/lib/tinyusb/src/portable/raspberrypi/rp2040/dcd_rp2040.c.obj
                0x10005850                dcd_edpt_close_all
 .text.dcd_edpt_xfer
                0x10005858       0x24 CMakeFiles/DisplayC.dir/C_/Users/inaci/.pico-sdk/sdk/2.1.0/lib/tinyusb/src/portable/raspberrypi/rp2040/dcd_rp2040.c.obj
                0x10005858                dcd_edpt_xfer
 .text.dcd_edpt_stall
                0x1000587c       0x34 CMakeFiles/DisplayC.dir/C_/Users/inaci/.pico-sdk/sdk/2.1.0/lib/tinyusb/src/portable/raspberrypi/rp2040/dcd_rp2040.c.obj
                0x1000587c                dcd_edpt_stall
 .text.dcd_edpt_clear_stall
                0x100058b0       0x30 CMakeFiles/DisplayC.dir/C_/Users/inaci/.pico-sdk/sdk/2.1.0/lib/tinyusb/src/portable/raspberrypi/rp2040/dcd_rp2040.c.obj
                0x100058b0                dcd_edpt_clear_stall
 .text.rp2040_usb_init
                0x100058e0       0x40 CMakeFiles/DisplayC.dir/C_/Users/inaci/.pico-sdk/sdk/2.1.0/lib/tinyusb/src/portable/raspberrypi/rp2040/rp2040_usb.c.obj
                0x100058e0                rp2040_usb_init
 .text.hw_endpoint_xfer_start
                0x10005920       0x40 CMakeFiles/DisplayC.dir/C_/Users/inaci/.pico-sdk/sdk/2.1.0/lib/tinyusb/src/portable/raspberrypi/rp2040/rp2040_usb.c.obj
                0x10005920                hw_endpoint_xfer_start
 .text.tud_event_hook_cb
                0x10005960        0x4 CMakeFiles/DisplayC.dir/C_/Users/inaci/.pico-sdk/sdk/2.1.0/lib/tinyusb/src/device/usbd.c.obj
                0x10005960                tud_event_hook_cb
 .text.tud_sof_cb
                0x10005964        0x4 CMakeFiles/DisplayC.dir/C_/Users/inaci/.pico-sdk/sdk/2.1.0/lib/tinyusb/src/device/usbd.c.obj
                0x10005964                tud_sof_cb
 .text.tud_descriptor_device_qualifier_cb
                0x10005968        0x4 CMakeFiles/DisplayC.dir/C_/Users/inaci/.pico-sdk/sdk/2.1.0/lib/tinyusb/src/device/usbd.c.obj
                0x10005968                tud_descriptor_device_qualifier_cb
 .text.tud_descriptor_other_speed_configuration_cb
                0x1000596c        0x4 CMakeFiles/DisplayC.dir/C_/Users/inaci/.pico-sdk/sdk/2.1.0/lib/tinyusb/src/device/usbd.c.obj
                0x1000596c                tud_descriptor_other_speed_configuration_cb
 .text.tud_mount_cb
                0x10005970        0x4 CMakeFiles/DisplayC.dir/C_/Users/inaci/.pico-sdk/sdk/2.1.0/lib/tinyusb/src/device/usbd.c.obj
                0x10005970                tud_mount_cb
 .text.tud_umount_cb
                0x10005974        0x4 CMakeFiles/DisplayC.dir/C_/Users/inaci/.pico-sdk/sdk/2.1.0/lib/tinyusb/src/device/usbd.c.obj
                0x10005974                tud_umount_cb
 .text.tud_suspend_cb
                0x10005978        0x4 CMakeFiles/DisplayC.dir/C_/Users/inaci/.pico-sdk/sdk/2.1.0/lib/tinyusb/src/device/usbd.c.obj
                0x10005978                tud_suspend_cb
 .text.tud_resume_cb
                0x1000597c        0x4 CMakeFiles/DisplayC.dir/C_/Users/inaci/.pico-sdk/sdk/2.1.0/lib/tinyusb/src/device/usbd.c.obj
                0x1000597c                tud_resume_cb
 .text.tud_mounted
                0x10005980       0x10 CMakeFiles/DisplayC.dir/C_/Users/inaci/.pico-sdk/sdk/2.1.0/lib/tinyusb/src/device/usbd.c.obj
                0x10005980                tud_mounted
 .text.tud_suspended
                0x10005990       0x10 CMakeFiles/DisplayC.dir/C_/Users/inaci/.pico-sdk/sdk/2.1.0/lib/tinyusb/src/device/usbd.c.obj
                0x10005990                tud_suspended
 .text.tud_init
                0x100059a0       0xe4 CMakeFiles/DisplayC.dir/C_/Users/inaci/.pico-sdk/sdk/2.1.0/lib/tinyusb/src/device/usbd.c.obj
                0x100059a0                tud_init
 .text.tud_task_ext
                0x10005a84      0x800 CMakeFiles/DisplayC.dir/C_/Users/inaci/.pico-sdk/sdk/2.1.0/lib/tinyusb/src/device/usbd.c.obj
                0x10005a84                tud_task_ext
 .text.usbd_open_edpt_pair
                0x10006284       0x9c CMakeFiles/DisplayC.dir/C_/Users/inaci/.pico-sdk/sdk/2.1.0/lib/tinyusb/src/device/usbd.c.obj
                0x10006284                usbd_open_edpt_pair
 .text.usbd_edpt_open
                0x10006320       0x34 CMakeFiles/DisplayC.dir/C_/Users/inaci/.pico-sdk/sdk/2.1.0/lib/tinyusb/src/device/usbd.c.obj
                0x10006320                usbd_edpt_open
 .text.usbd_edpt_claim
                0x10006354       0x28 CMakeFiles/DisplayC.dir/C_/Users/inaci/.pico-sdk/sdk/2.1.0/lib/tinyusb/src/device/usbd.c.obj
                0x10006354                usbd_edpt_claim
 .text.usbd_edpt_release
                0x1000637c       0x28 CMakeFiles/DisplayC.dir/C_/Users/inaci/.pico-sdk/sdk/2.1.0/lib/tinyusb/src/device/usbd.c.obj
                0x1000637c                usbd_edpt_release
 .text.usbd_edpt_xfer
                0x100063a4       0x4c CMakeFiles/DisplayC.dir/C_/Users/inaci/.pico-sdk/sdk/2.1.0/lib/tinyusb/src/device/usbd.c.obj
                0x100063a4                usbd_edpt_xfer
 .text.tud_control_status
                0x100063f0       0x2c CMakeFiles/DisplayC.dir/C_/Users/inaci/.pico-sdk/sdk/2.1.0/lib/tinyusb/src/device/usbd_control.c.obj
                0x100063f0                tud_control_status
 .text.tud_control_xfer
                0x1000641c       0xac CMakeFiles/DisplayC.dir/C_/Users/inaci/.pico-sdk/sdk/2.1.0/lib/tinyusb/src/device/usbd_control.c.obj
                0x1000641c                tud_control_xfer
 .text.usbd_control_reset
                0x100064c8       0x14 CMakeFiles/DisplayC.dir/C_/Users/inaci/.pico-sdk/sdk/2.1.0/lib/tinyusb/src/device/usbd_control.c.obj
                0x100064c8                usbd_control_reset
 .text.usbd_control_set_complete_callback
                0x100064dc        0xc CMakeFiles/DisplayC.dir/C_/Users/inaci/.pico-sdk/sdk/2.1.0/lib/tinyusb/src/device/usbd_control.c.obj
                0x100064dc                usbd_control_set_complete_callback
 .text.usbd_control_set_request
                0x100064e8       0x1c CMakeFiles/DisplayC.dir/C_/Users/inaci/.pico-sdk/sdk/2.1.0/lib/tinyusb/src/device/usbd_control.c.obj
                0x100064e8                usbd_control_set_request
 .text.usbd_control_xfer_cb
                0x10006504       0xec CMakeFiles/DisplayC.dir/C_/Users/inaci/.pico-sdk/sdk/2.1.0/lib/tinyusb/src/device/usbd_control.c.obj
                0x10006504                usbd_control_xfer_cb
 .text._prep_out_transaction.isra.0
                0x100065f0       0x5c CMakeFiles/DisplayC.dir/C_/Users/inaci/.pico-sdk/sdk/2.1.0/lib/tinyusb/src/class/cdc/cdc_device.c.obj
 .text.tud_cdc_n_connected
                0x1000664c       0x30 CMakeFiles/DisplayC.dir/C_/Users/inaci/.pico-sdk/sdk/2.1.0/lib/tinyusb/src/class/cdc/cdc_device.c.obj
                0x1000664c                tud_cdc_n_connected
 .text.tud_cdc_n_available
                0x1000667c       0x18 CMakeFiles/DisplayC.dir/C_/Users/inaci/.pico-sdk/sdk/2.1.0/lib/tinyusb/src/class/cdc/cdc_device.c.obj
                0x1000667c                tud_cdc_n_available
 .text.tud_cdc_n_read
                0x10006694       0x98 CMakeFiles/DisplayC.dir/C_/Users/inaci/.pico-sdk/sdk/2.1.0/lib/tinyusb/src/class/cdc/cdc_device.c.obj
                0x10006694                tud_cdc_n_read
 .text.tud_cdc_n_write_flush
                0x1000672c       0x78 CMakeFiles/DisplayC.dir/C_/Users/inaci/.pico-sdk/sdk/2.1.0/lib/tinyusb/src/class/cdc/cdc_device.c.obj
                0x1000672c                tud_cdc_n_write_flush
 .text.tud_cdc_n_write
                0x100067a4       0x40 CMakeFiles/DisplayC.dir/C_/Users/inaci/.pico-sdk/sdk/2.1.0/lib/tinyusb/src/class/cdc/cdc_device.c.obj
                0x100067a4                tud_cdc_n_write
 .text.tud_cdc_n_write_available
                0x100067e4       0x18 CMakeFiles/DisplayC.dir/C_/Users/inaci/.pico-sdk/sdk/2.1.0/lib/tinyusb/src/class/cdc/cdc_device.c.obj
                0x100067e4                tud_cdc_n_write_available
 .text.cdcd_init
                0x100067fc       0x7c CMakeFiles/DisplayC.dir/C_/Users/inaci/.pico-sdk/sdk/2.1.0/lib/tinyusb/src/class/cdc/cdc_device.c.obj
                0x100067fc                cdcd_init
 .text.cdcd_deinit
                0x10006878       0x34 CMakeFiles/DisplayC.dir/C_/Users/inaci/.pico-sdk/sdk/2.1.0/lib/tinyusb/src/class/cdc/cdc_device.c.obj
                0x10006878                cdcd_deinit
 .text.cdcd_reset
                0x100068ac       0x4c CMakeFiles/DisplayC.dir/C_/Users/inaci/.pico-sdk/sdk/2.1.0/lib/tinyusb/src/class/cdc/cdc_device.c.obj
                0x100068ac                cdcd_reset
 .text.cdcd_open
                0x100068f8       0xb0 CMakeFiles/DisplayC.dir/C_/Users/inaci/.pico-sdk/sdk/2.1.0/lib/tinyusb/src/class/cdc/cdc_device.c.obj
                0x100068f8                cdcd_open
 .text.cdcd_control_xfer_cb
                0x100069a8       0xe4 CMakeFiles/DisplayC.dir/C_/Users/inaci/.pico-sdk/sdk/2.1.0/lib/tinyusb/src/class/cdc/cdc_device.c.obj
                0x100069a8                cdcd_control_xfer_cb
 .text.cdcd_xfer_cb
                0x10006a8c      0x100 CMakeFiles/DisplayC.dir/C_/Users/inaci/.pico-sdk/sdk/2.1.0/lib/tinyusb/src/class/cdc/cdc_device.c.obj
                0x10006a8c                cdcd_xfer_cb
 .text.vendord_init
                0x10006b8c       0x5c CMakeFiles/DisplayC.dir/C_/Users/inaci/.pico-sdk/sdk/2.1.0/lib/tinyusb/src/class/vendor/vendor_device.c.obj
                0x10006b8c                vendord_init
 .text.vendord_deinit
                0x10006be8       0x1c CMakeFiles/DisplayC.dir/C_/Users/inaci/.pico-sdk/sdk/2.1.0/lib/tinyusb/src/class/vendor/vendor_device.c.obj
                0x10006be8                vendord_deinit
 .text.vendord_reset
                0x10006c04       0x20 CMakeFiles/DisplayC.dir/C_/Users/inaci/.pico-sdk/sdk/2.1.0/lib/tinyusb/src/class/vendor/vendor_device.c.obj
                0x10006c04                vendord_reset
 .text.vendord_open
                0x10006c24      0x138 CMakeFiles/DisplayC.dir/C_/Users/inaci/.pico-sdk/sdk/2.1.0/lib/tinyusb/src/class/vendor/vendor_device.c.obj
                0x10006c24                vendord_open
 .text.vendord_xfer_cb
                0x10006d5c       0x9c CMakeFiles/DisplayC.dir/C_/Users/inaci/.pico-sdk/sdk/2.1.0/lib/tinyusb/src/class/vendor/vendor_device.c.obj
                0x10006d5c                vendord_xfer_cb
 .text.tusb_init
                0x10006df8        0xc CMakeFiles/DisplayC.dir/C_/Users/inaci/.pico-sdk/sdk/2.1.0/lib/tinyusb/src/tusb.c.obj
                0x10006df8                tusb_init
 .text.tu_edpt_claim
                0x10006e04       0x50 CMakeFiles/DisplayC.dir/C_/Users/inaci/.pico-sdk/sdk/2.1.0/lib/tinyusb/src/tusb.c.obj
                0x10006e04                tu_edpt_claim
 .text.tu_edpt_release
                0x10006e54       0x38 CMakeFiles/DisplayC.dir/C_/Users/inaci/.pico-sdk/sdk/2.1.0/lib/tinyusb/src/tusb.c.obj
                0x10006e54                tu_edpt_release
 .text.tu_edpt_validate
                0x10006e8c       0x7c CMakeFiles/DisplayC.dir/C_/Users/inaci/.pico-sdk/sdk/2.1.0/lib/tinyusb/src/tusb.c.obj
                0x10006e8c                tu_edpt_validate
 .text.tu_edpt_bind_driver
                0x10006f08       0x34 CMakeFiles/DisplayC.dir/C_/Users/inaci/.pico-sdk/sdk/2.1.0/lib/tinyusb/src/tusb.c.obj
                0x10006f08                tu_edpt_bind_driver
 .text.tu_edpt_stream_init
                0x10006f3c       0x6c CMakeFiles/DisplayC.dir/C_/Users/inaci/.pico-sdk/sdk/2.1.0/lib/tinyusb/src/tusb.c.obj
                0x10006f3c                tu_edpt_stream_init
 .text.tu_edpt_stream_deinit
                0x10006fa8        0x4 CMakeFiles/DisplayC.dir/C_/Users/inaci/.pico-sdk/sdk/2.1.0/lib/tinyusb/src/tusb.c.obj
                0x10006fa8                tu_edpt_stream_deinit
 .text.tu_edpt_stream_write_zlp_if_needed
                0x10006fac       0x68 CMakeFiles/DisplayC.dir/C_/Users/inaci/.pico-sdk/sdk/2.1.0/lib/tinyusb/src/tusb.c.obj
                0x10006fac                tu_edpt_stream_write_zlp_if_needed
 .text.tu_edpt_stream_write_xfer
                0x10007014       0x64 CMakeFiles/DisplayC.dir/C_/Users/inaci/.pico-sdk/sdk/2.1.0/lib/tinyusb/src/tusb.c.obj
                0x10007014                tu_edpt_stream_write_xfer
 .text.tu_edpt_stream_read_xfer
                0x10007078       0xdc CMakeFiles/DisplayC.dir/C_/Users/inaci/.pico-sdk/sdk/2.1.0/lib/tinyusb/src/tusb.c.obj
                0x10007078                tu_edpt_stream_read_xfer
 .text.tu_fifo_config
                0x10007154       0x6c CMakeFiles/DisplayC.dir/C_/Users/inaci/.pico-sdk/sdk/2.1.0/lib/tinyusb/src/common/tusb_fifo.c.obj
                0x10007154                tu_fifo_config
 .text.tu_fifo_count
                0x100071c0       0x2c CMakeFiles/DisplayC.dir/C_/Users/inaci/.pico-sdk/sdk/2.1.0/lib/tinyusb/src/common/tusb_fifo.c.obj
                0x100071c0                tu_fifo_count
 .text.tu_fifo_empty
                0x100071ec       0x10 CMakeFiles/DisplayC.dir/C_/Users/inaci/.pico-sdk/sdk/2.1.0/lib/tinyusb/src/common/tusb_fifo.c.obj
                0x100071ec                tu_fifo_empty
 .text.tu_fifo_remaining
                0x100071fc       0x2c CMakeFiles/DisplayC.dir/C_/Users/inaci/.pico-sdk/sdk/2.1.0/lib/tinyusb/src/common/tusb_fifo.c.obj
                0x100071fc                tu_fifo_remaining
 .text.tu_fifo_read
                0x10007228       0x9c CMakeFiles/DisplayC.dir/C_/Users/inaci/.pico-sdk/sdk/2.1.0/lib/tinyusb/src/common/tusb_fifo.c.obj
                0x10007228                tu_fifo_read
 .text.tu_fifo_read_n
                0x100072c4       0xe8 CMakeFiles/DisplayC.dir/C_/Users/inaci/.pico-sdk/sdk/2.1.0/lib/tinyusb/src/common/tusb_fifo.c.obj
                0x100072c4                tu_fifo_read_n
 .text.tu_fifo_write
                0x100073ac       0xa8 CMakeFiles/DisplayC.dir/C_/Users/inaci/.pico-sdk/sdk/2.1.0/lib/tinyusb/src/common/tusb_fifo.c.obj
                0x100073ac                tu_fifo_write
 .text.tu_fifo_write_n
                0x10007454      0x178 CMakeFiles/DisplayC.dir/C_/Users/inaci/.pico-sdk/sdk/2.1.0/lib/tinyusb/src/common/tusb_fifo.c.obj
                0x10007454                tu_fifo_write_n
 .text.tu_fifo_clear
                0x100075cc       0x40 CMakeFiles/DisplayC.dir/C_/Users/inaci/.pico-sdk/sdk/2.1.0/lib/tinyusb/src/common/tusb_fifo.c.obj
                0x100075cc                tu_fifo_clear
 .text.tu_fifo_set_overwritable
                0x1000760c       0x48 CMakeFiles/DisplayC.dir/C_/Users/inaci/.pico-sdk/sdk/2.1.0/lib/tinyusb/src/common/tusb_fifo.c.obj
                0x1000760c                tu_fifo_set_overwritable
 .text.i2c_write_blocking_internal.constprop.0
                0x10007654       0xd0 CMakeFiles/DisplayC.dir/C_/Users/inaci/.pico-sdk/sdk/2.1.0/src/rp2_common/hardware_i2c/i2c.c.obj
 .text.i2c_set_baudrate
                0x10007724       0xc0 CMakeFiles/DisplayC.dir/C_/Users/inaci/.pico-sdk/sdk/2.1.0/src/rp2_common/hardware_i2c/i2c.c.obj
                0x10007724                i2c_set_baudrate
 .text.i2c_init
                0x100077e4       0x50 CMakeFiles/DisplayC.dir/C_/Users/inaci/.pico-sdk/sdk/2.1.0/src/rp2_common/hardware_i2c/i2c.c.obj
                0x100077e4                i2c_init
 .text.i2c_write_blocking
                0x10007834       0x14 CMakeFiles/DisplayC.dir/C_/Users/inaci/.pico-sdk/sdk/2.1.0/src/rp2_common/hardware_i2c/i2c.c.obj
                0x10007834                i2c_write_blocking
 .text.pio_claim_unused_sm
                0x10007848       0x38 CMakeFiles/DisplayC.dir/C_/Users/inaci/.pico-sdk/sdk/2.1.0/src/rp2_common/hardware_pio/pio.c.obj
                0x10007848                pio_claim_unused_sm
 .text.pio_add_program
                0x10007880      0x104 CMakeFiles/DisplayC.dir/C_/Users/inaci/.pico-sdk/sdk/2.1.0/src/rp2_common/hardware_pio/pio.c.obj
                0x10007880                pio_add_program
 .text.pio_sm_set_consecutive_pindirs
                0x10007984       0xb4 CMakeFiles/DisplayC.dir/C_/Users/inaci/.pico-sdk/sdk/2.1.0/src/rp2_common/hardware_pio/pio.c.obj
                0x10007984                pio_sm_set_consecutive_pindirs
 .text.pio_sm_init
                0x10007a38       0x9c CMakeFiles/DisplayC.dir/C_/Users/inaci/.pico-sdk/sdk/2.1.0/src/rp2_common/hardware_pio/pio.c.obj
                0x10007a38                pio_sm_init
 .text.calloc   0x10007ad4       0x18 C:/Users/inaci/.pico-sdk/toolchain/13_3_Rel1/bin/../lib/gcc/arm-none-eabi/13.3.1/thumb/v6-m/nofp\libg.a(libc_a-calloc.o)
                0x10007ad4                calloc
 .text._calloc_r
                0x10007aec       0xa8 C:/Users/inaci/.pico-sdk/toolchain/13_3_Rel1/bin/../lib/gcc/arm-none-eabi/13.3.1/thumb/v6-m/nofp\libg.a(libc_a-callocr.o)
                0x10007aec                _calloc_r
 .text.malloc   0x10007b94       0x14 C:/Users/inaci/.pico-sdk/toolchain/13_3_Rel1/bin/../lib/gcc/arm-none-eabi/13.3.1/thumb/v6-m/nofp\libg.a(libc_a-malloc.o)
                0x10007b94                malloc
 .text.free     0x10007ba8       0x14 C:/Users/inaci/.pico-sdk/toolchain/13_3_Rel1/bin/../lib/gcc/arm-none-eabi/13.3.1/thumb/v6-m/nofp\libg.a(libc_a-malloc.o)
                0x10007ba8                free
 .text._malloc_r
                0x10007bbc      0x5c4 C:/Users/inaci/.pico-sdk/toolchain/13_3_Rel1/bin/../lib/gcc/arm-none-eabi/13.3.1/thumb/v6-m/nofp\libg.a(libc_a-mallocr.o)
                0x10007bbc                _malloc_r
 .text.__malloc_lock
                0x10008180       0x10 C:/Users/inaci/.pico-sdk/toolchain/13_3_Rel1/bin/../lib/gcc/arm-none-eabi/13.3.1/thumb/v6-m/nofp\libg.a(libc_a-mlock.o)
                0x10008180                __malloc_lock
 .text.__malloc_unlock
                0x10008190       0x10 C:/Users/inaci/.pico-sdk/toolchain/13_3_Rel1/bin/../lib/gcc/arm-none-eabi/13.3.1/thumb/v6-m/nofp\libg.a(libc_a-mlock.o)
                0x10008190                __malloc_unlock
 .text.realloc  0x100081a0       0x18 C:/Users/inaci/.pico-sdk/toolchain/13_3_Rel1/bin/../lib/gcc/arm-none-eabi/13.3.1/thumb/v6-m/nofp\libg.a(libc_a-realloc.o)
                0x100081a0                realloc
 .text._realloc_r
                0x100081b8      0x350 C:/Users/inaci/.pico-sdk/toolchain/13_3_Rel1/bin/../lib/gcc/arm-none-eabi/13.3.1/thumb/v6-m/nofp\libg.a(libc_a-reallocr.o)
                0x100081b8                _realloc_r
 .text.scanf    0x10008508       0x24 C:/Users/inaci/.pico-sdk/toolchain/13_3_Rel1/bin/../lib/gcc/arm-none-eabi/13.3.1/thumb/v6-m/nofp\libg.a(libc_a-scanf.o)
                0x10008508                scanf
 .text.memmove  0x1000852c       0xb0 C:/Users/inaci/.pico-sdk/toolchain/13_3_Rel1/bin/../lib/gcc/arm-none-eabi/13.3.1/thumb/v6-m/nofp\libg.a(libc_a-memmove.o)
                0x1000852c                memmove
 .text._sbrk_r  0x100085dc       0x24 C:/Users/inaci/.pico-sdk/toolchain/13_3_Rel1/bin/../lib/gcc/arm-none-eabi/13.3.1/thumb/v6-m/nofp\libg.a(libc_a-sbrkr.o)
                0x100085dc                _sbrk_r
 .text.__errno  0x10008600        0xc C:/Users/inaci/.pico-sdk/toolchain/13_3_Rel1/bin/../lib/gcc/arm-none-eabi/13.3.1/thumb/v6-m/nofp\libg.a(libc_a-errno.o)
                0x10008600                __errno
 .text.__retarget_lock_init_recursive
                0x1000860c        0x4 C:/Users/inaci/.pico-sdk/toolchain/13_3_Rel1/bin/../lib/gcc/arm-none-eabi/13.3.1/thumb/v6-m/nofp\libg.a(libc_a-lock.o)
                0x1000860c                __retarget_lock_init_recursive
 .text.__retarget_lock_close_recursive
                0x10008610        0x4 C:/Users/inaci/.pico-sdk/toolchain/13_3_Rel1/bin/../lib/gcc/arm-none-eabi/13.3.1/thumb/v6-m/nofp\libg.a(libc_a-lock.o)
                0x10008610                __retarget_lock_close_recursive
 .text.__retarget_lock_acquire_recursive
                0x10008614        0x4 C:/Users/inaci/.pico-sdk/toolchain/13_3_Rel1/bin/../lib/gcc/arm-none-eabi/13.3.1/thumb/v6-m/nofp\libg.a(libc_a-lock.o)
                0x10008614                __retarget_lock_acquire_recursive
 .text.__retarget_lock_release_recursive
                0x10008618        0x4 C:/Users/inaci/.pico-sdk/toolchain/13_3_Rel1/bin/../lib/gcc/arm-none-eabi/13.3.1/thumb/v6-m/nofp\libg.a(libc_a-lock.o)
                0x10008618                __retarget_lock_release_recursive
 .text.sysconf  0x1000861c       0x1c C:/Users/inaci/.pico-sdk/toolchain/13_3_Rel1/bin/../lib/gcc/arm-none-eabi/13.3.1/thumb/v6-m/nofp\libg.a(libc_a-sysconf.o)
                0x1000861c                sysconf
 .text          0x10008638       0x88 C:/Users/inaci/.pico-sdk/toolchain/13_3_Rel1/bin/../lib/gcc/arm-none-eabi/13.3.1/thumb/v6-m/nofp\libg.a(libc_a-strcmp.o)
                0x10008638                strcmp
 .text.strlen   0x100086c0       0x5c C:/Users/inaci/.pico-sdk/toolchain/13_3_Rel1/bin/../lib/gcc/arm-none-eabi/13.3.1/thumb/v6-m/nofp\libg.a(libc_a-strlen-stub.o)
                0x100086c0                strlen
 .text._malloc_trim_r
                0x1000871c       0xb4 C:/Users/inaci/.pico-sdk/toolchain/13_3_Rel1/bin/../lib/gcc/arm-none-eabi/13.3.1/thumb/v6-m/nofp\libg.a(libc_a-freer.o)
                0x1000871c                _malloc_trim_r
 .text._free_r  0x100087d0      0x1d4 C:/Users/inaci/.pico-sdk/toolchain/13_3_Rel1/bin/../lib/gcc/arm-none-eabi/13.3.1/thumb/v6-m/nofp\libg.a(libc_a-freer.o)
                0x100087d0                _free_r
 .text._strtoul_l.isra.0
                0x100089a4      0x144 C:/Users/inaci/.pico-sdk/toolchain/13_3_Rel1/bin/../lib/gcc/arm-none-eabi/13.3.1/thumb/v6-m/nofp\libg.a(libc_a-strtoul.o)
 .text._strtoul_r
                0x10008ae8        0x8 C:/Users/inaci/.pico-sdk/toolchain/13_3_Rel1/bin/../lib/gcc/arm-none-eabi/13.3.1/thumb/v6-m/nofp\libg.a(libc_a-strtoul.o)
                0x10008ae8                _strtoul_r
 .text.__svfscanf_r
                0x10008af0     0x18a8 C:/Users/inaci/.pico-sdk/toolchain/13_3_Rel1/bin/../lib/gcc/arm-none-eabi/13.3.1/thumb/v6-m/nofp\libg.a(libc_a-vfscanf.o)
                0x10008af0                __svfscanf_r
 .text._vfscanf_r
                0x1000a398       0x28 C:/Users/inaci/.pico-sdk/toolchain/13_3_Rel1/bin/../lib/gcc/arm-none-eabi/13.3.1/thumb/v6-m/nofp\libg.a(libc_a-vfscanf.o)
                0x1000a398                _vfscanf_r
 .text.stdio_exit_handler
                0x1000a3c0       0x1c C:/Users/inaci/.pico-sdk/toolchain/13_3_Rel1/bin/../lib/gcc/arm-none-eabi/13.3.1/thumb/v6-m/nofp\libg.a(libc_a-findfp.o)
 .text.cleanup_stdio
                0x1000a3dc       0x3c C:/Users/inaci/.pico-sdk/toolchain/13_3_Rel1/bin/../lib/gcc/arm-none-eabi/13.3.1/thumb/v6-m/nofp\libg.a(libc_a-findfp.o)
 .text.global_stdio_init.part.0
                0x1000a418      0x118 C:/Users/inaci/.pico-sdk/toolchain/13_3_Rel1/bin/../lib/gcc/arm-none-eabi/13.3.1/thumb/v6-m/nofp\libg.a(libc_a-findfp.o)
 .text.__sinit  0x1000a530       0x38 C:/Users/inaci/.pico-sdk/toolchain/13_3_Rel1/bin/../lib/gcc/arm-none-eabi/13.3.1/thumb/v6-m/nofp\libg.a(libc_a-findfp.o)
                0x1000a530                __sinit
 .text.__sfp_lock_acquire
                0x1000a568       0x10 C:/Users/inaci/.pico-sdk/toolchain/13_3_Rel1/bin/../lib/gcc/arm-none-eabi/13.3.1/thumb/v6-m/nofp\libg.a(libc_a-findfp.o)
                0x1000a568                __sfp_lock_acquire
 .text.__sfp_lock_release
                0x1000a578       0x10 C:/Users/inaci/.pico-sdk/toolchain/13_3_Rel1/bin/../lib/gcc/arm-none-eabi/13.3.1/thumb/v6-m/nofp\libg.a(libc_a-findfp.o)
                0x1000a578                __sfp_lock_release
 .text._fread_r
                0x1000a588      0x1e4 C:/Users/inaci/.pico-sdk/toolchain/13_3_Rel1/bin/../lib/gcc/arm-none-eabi/13.3.1/thumb/v6-m/nofp\libg.a(libc_a-fread.o)
                0x1000a588                _fread_r
 .text._fwalk_sglue
                0x1000a76c       0x44 C:/Users/inaci/.pico-sdk/toolchain/13_3_Rel1/bin/../lib/gcc/arm-none-eabi/13.3.1/thumb/v6-m/nofp\libg.a(libc_a-fwalk.o)
                0x1000a76c                _fwalk_sglue
 .text.lflush   0x1000a7b0       0x20 C:/Users/inaci/.pico-sdk/toolchain/13_3_Rel1/bin/../lib/gcc/arm-none-eabi/13.3.1/thumb/v6-m/nofp\libg.a(libc_a-refill.o)
 .text.__srefill_r
                0x1000a7d0      0x100 C:/Users/inaci/.pico-sdk/toolchain/13_3_Rel1/bin/../lib/gcc/arm-none-eabi/13.3.1/thumb/v6-m/nofp\libg.a(libc_a-refill.o)
                0x1000a7d0                __srefill_r
 .text.__sccl   0x1000a8d0       0x80 C:/Users/inaci/.pico-sdk/toolchain/13_3_Rel1/bin/../lib/gcc/arm-none-eabi/13.3.1/thumb/v6-m/nofp\libg.a(libc_a-sccl.o)
                0x1000a8d0                __sccl
 .text.__sread  0x1000a950       0x28 C:/Users/inaci/.pico-sdk/toolchain/13_3_Rel1/bin/../lib/gcc/arm-none-eabi/13.3.1/thumb/v6-m/nofp\libg.a(libc_a-stdio.o)
                0x1000a950                __sread
 .text.__swrite
                0x1000a978       0x40 C:/Users/inaci/.pico-sdk/toolchain/13_3_Rel1/bin/../lib/gcc/arm-none-eabi/13.3.1/thumb/v6-m/nofp\libg.a(libc_a-stdio.o)
                0x1000a978                __swrite
 .text.__sseek  0x1000a9b8       0x30 C:/Users/inaci/.pico-sdk/toolchain/13_3_Rel1/bin/../lib/gcc/arm-none-eabi/13.3.1/thumb/v6-m/nofp\libg.a(libc_a-stdio.o)
                0x1000a9b8                __sseek
 .text.__sclose
                0x1000a9e8        0xc C:/Users/inaci/.pico-sdk/toolchain/13_3_Rel1/bin/../lib/gcc/arm-none-eabi/13.3.1/thumb/v6-m/nofp\libg.a(libc_a-stdio.o)
                0x1000a9e8                __sclose
 .text.__submore
                0x1000a9f4       0x84 C:/Users/inaci/.pico-sdk/toolchain/13_3_Rel1/bin/../lib/gcc/arm-none-eabi/13.3.1/thumb/v6-m/nofp\libg.a(libc_a-ungetc.o)
                0x1000a9f4                __submore
 .text._ungetc_r
                0x1000aa78      0x134 C:/Users/inaci/.pico-sdk/toolchain/13_3_Rel1/bin/../lib/gcc/arm-none-eabi/13.3.1/thumb/v6-m/nofp\libg.a(libc_a-ungetc.o)
                0x1000aa78                _ungetc_r
 .text.strncmp  0x1000abac       0x74 C:/Users/inaci/.pico-sdk/toolchain/13_3_Rel1/bin/../lib/gcc/arm-none-eabi/13.3.1/thumb/v6-m/nofp\libg.a(libc_a-strncmp.o)
                0x1000abac                strncmp
 .text.stpncpy  0x1000ac20       0x78 C:/Users/inaci/.pico-sdk/toolchain/13_3_Rel1/bin/../lib/gcc/arm-none-eabi/13.3.1/thumb/v6-m/nofp\libg.a(libc_a-stpncpy.o)
                0x1000ac20                stpncpy
 .text.__locale_mb_cur_max
                0x1000ac98       0x10 C:/Users/inaci/.pico-sdk/toolchain/13_3_Rel1/bin/../lib/gcc/arm-none-eabi/13.3.1/thumb/v6-m/nofp\libg.a(libc_a-locale.o)
                0x1000ac98                __locale_mb_cur_max
 .text._localeconv_r
                0x1000aca8        0x8 C:/Users/inaci/.pico-sdk/toolchain/13_3_Rel1/bin/../lib/gcc/arm-none-eabi/13.3.1/thumb/v6-m/nofp\libg.a(libc_a-localeconv.o)
                0x1000aca8                _localeconv_r
 .text._close_r
                0x1000acb0       0x24 C:/Users/inaci/.pico-sdk/toolchain/13_3_Rel1/bin/../lib/gcc/arm-none-eabi/13.3.1/thumb/v6-m/nofp\libg.a(libc_a-closer.o)
                0x1000acb0                _close_r
 .text._lseek_r
                0x1000acd4       0x28 C:/Users/inaci/.pico-sdk/toolchain/13_3_Rel1/bin/../lib/gcc/arm-none-eabi/13.3.1/thumb/v6-m/nofp\libg.a(libc_a-lseekr.o)
                0x1000acd4                _lseek_r
 .text._read_r  0x1000acfc       0x28 C:/Users/inaci/.pico-sdk/toolchain/13_3_Rel1/bin/../lib/gcc/arm-none-eabi/13.3.1/thumb/v6-m/nofp\libg.a(libc_a-readr.o)
                0x1000acfc                _read_r
 .text._write_r
                0x1000ad24       0x28 C:/Users/inaci/.pico-sdk/toolchain/13_3_Rel1/bin/../lib/gcc/arm-none-eabi/13.3.1/thumb/v6-m/nofp\libg.a(libc_a-writer.o)
                0x1000ad24                _write_r
 .text.nanf     0x1000ad4c        0x8 C:/Users/inaci/.pico-sdk/toolchain/13_3_Rel1/bin/../lib/gcc/arm-none-eabi/13.3.1/thumb/v6-m/nofp\libg.a(libm_a-sf_nan.o)
                0x1000ad4c                nanf
 .text.__ascii_mbtowc
                0x1000ad54       0x2c C:/Users/inaci/.pico-sdk/toolchain/13_3_Rel1/bin/../lib/gcc/arm-none-eabi/13.3.1/thumb/v6-m/nofp\libg.a(libc_a-mbtowc_r.o)
                0x1000ad54                __ascii_mbtowc
 .text.sulp     0x1000ad80       0x30 C:/Users/inaci/.pico-sdk/toolchain/13_3_Rel1/bin/../lib/gcc/arm-none-eabi/13.3.1/thumb/v6-m/nofp\libg.a(libc_a-strtod.o)
 .text._strtod_l
                0x1000adb0      0xeb8 C:/Users/inaci/.pico-sdk/toolchain/13_3_Rel1/bin/../lib/gcc/arm-none-eabi/13.3.1/thumb/v6-m/nofp\libg.a(libc_a-strtod.o)
                0x1000adb0                _strtod_l
 .text._strtod_r
                0x1000bc68       0x10 C:/Users/inaci/.pico-sdk/toolchain/13_3_Rel1/bin/../lib/gcc/arm-none-eabi/13.3.1/thumb/v6-m/nofp\libg.a(libc_a-strtod.o)
                0x1000bc68                _strtod_r
 .text._strtol_l.isra.0
                0x1000bc78      0x158 C:/Users/inaci/.pico-sdk/toolchain/13_3_Rel1/bin/../lib/gcc/arm-none-eabi/13.3.1/thumb/v6-m/nofp\libg.a(libc_a-strtol.o)
 .text._strtol_r
                0x1000bdd0        0x8 C:/Users/inaci/.pico-sdk/toolchain/13_3_Rel1/bin/../lib/gcc/arm-none-eabi/13.3.1/thumb/v6-m/nofp\libg.a(libc_a-strtol.o)
                0x1000bdd0                _strtol_r
 .text.__ascii_wctomb
                0x1000bdd8       0x1c C:/Users/inaci/.pico-sdk/toolchain/13_3_Rel1/bin/../lib/gcc/arm-none-eabi/13.3.1/thumb/v6-m/nofp\libg.a(libc_a-wctomb_r.o)
                0x1000bdd8                __ascii_wctomb
 .text._strtoll_l.isra.0
                0x1000bdf4      0x1a0 C:/Users/inaci/.pico-sdk/toolchain/13_3_Rel1/bin/../lib/gcc/arm-none-eabi/13.3.1/thumb/v6-m/nofp\libg.a(libc_a-strtoll.o)
 .text._strtoll_r
                0x1000bf94        0x8 C:/Users/inaci/.pico-sdk/toolchain/13_3_Rel1/bin/../lib/gcc/arm-none-eabi/13.3.1/thumb/v6-m/nofp\libg.a(libc_a-strtoll.o)
                0x1000bf94                _strtoll_r
 .text._strtoull_l.isra.0
                0x1000bf9c      0x1c4 C:/Users/inaci/.pico-sdk/toolchain/13_3_Rel1/bin/../lib/gcc/arm-none-eabi/13.3.1/thumb/v6-m/nofp\libg.a(libc_a-strtoull.o)
 .text._strtoull_r
                0x1000c160        0x8 C:/Users/inaci/.pico-sdk/toolchain/13_3_Rel1/bin/../lib/gcc/arm-none-eabi/13.3.1/thumb/v6-m/nofp\libg.a(libc_a-strtoull.o)
                0x1000c160                _strtoull_r
 .text._mbrtowc_r
                0x1000c168       0x54 C:/Users/inaci/.pico-sdk/toolchain/13_3_Rel1/bin/../lib/gcc/arm-none-eabi/13.3.1/thumb/v6-m/nofp\libg.a(libc_a-mbrtowc.o)
                0x1000c168                _mbrtowc_r
 .text.iswspace
                0x1000c1bc        0xc C:/Users/inaci/.pico-sdk/toolchain/13_3_Rel1/bin/../lib/gcc/arm-none-eabi/13.3.1/thumb/v6-m/nofp\libg.a(libc_a-iswspace.o)
                0x1000c1bc                iswspace
 .text.iswspace_l
                0x1000c1c8       0x24 C:/Users/inaci/.pico-sdk/toolchain/13_3_Rel1/bin/../lib/gcc/arm-none-eabi/13.3.1/thumb/v6-m/nofp\libg.a(libc_a-iswspace_l.o)
                0x1000c1c8                iswspace_l
 .text.__jp2uc  0x1000c1ec      0x154 C:/Users/inaci/.pico-sdk/toolchain/13_3_Rel1/bin/../lib/gcc/arm-none-eabi/13.3.1/thumb/v6-m/nofp\libg.a(libc_a-jp2uc.o)
 .text._jp2uc_l
                0x1000c340       0x68 C:/Users/inaci/.pico-sdk/toolchain/13_3_Rel1/bin/../lib/gcc/arm-none-eabi/13.3.1/thumb/v6-m/nofp\libg.a(libc_a-jp2uc.o)
                0x1000c340                _jp2uc_l
 .text._fclose_r
                0x1000c3a8       0xd0 C:/Users/inaci/.pico-sdk/toolchain/13_3_Rel1/bin/../lib/gcc/arm-none-eabi/13.3.1/thumb/v6-m/nofp\libg.a(libc_a-fclose.o)
                0x1000c3a8                _fclose_r
 .text.__sflush_r
                0x1000c478      0x148 C:/Users/inaci/.pico-sdk/toolchain/13_3_Rel1/bin/../lib/gcc/arm-none-eabi/13.3.1/thumb/v6-m/nofp\libg.a(libc_a-fflush.o)
                0x1000c478                __sflush_r
 .text._fflush_r
                0x1000c5c0       0x68 C:/Users/inaci/.pico-sdk/toolchain/13_3_Rel1/bin/../lib/gcc/arm-none-eabi/13.3.1/thumb/v6-m/nofp\libg.a(libc_a-fflush.o)
                0x1000c5c0                _fflush_r
 .text.__smakebuf_r
                0x1000c628       0xe0 C:/Users/inaci/.pico-sdk/toolchain/13_3_Rel1/bin/../lib/gcc/arm-none-eabi/13.3.1/thumb/v6-m/nofp\libg.a(libc_a-makebuf.o)
                0x1000c628                __smakebuf_r
 .text._fstat_r
                0x1000c708       0x28 C:/Users/inaci/.pico-sdk/toolchain/13_3_Rel1/bin/../lib/gcc/arm-none-eabi/13.3.1/thumb/v6-m/nofp\libg.a(libc_a-fstatr.o)
                0x1000c708                _fstat_r
 .text._isatty_r
                0x1000c730       0x24 C:/Users/inaci/.pico-sdk/toolchain/13_3_Rel1/bin/../lib/gcc/arm-none-eabi/13.3.1/thumb/v6-m/nofp\libg.a(libc_a-isattyr.o)
                0x1000c730                _isatty_r
 .text.nan      0x1000c754        0xc C:/Users/inaci/.pico-sdk/toolchain/13_3_Rel1/bin/../lib/gcc/arm-none-eabi/13.3.1/thumb/v6-m/nofp\libg.a(libm_a-s_nan.o)
                0x1000c754                nan
 .text.rshift   0x1000c760       0xb0 C:/Users/inaci/.pico-sdk/toolchain/13_3_Rel1/bin/../lib/gcc/arm-none-eabi/13.3.1/thumb/v6-m/nofp\libg.a(libc_a-gdtoa-gethex.o)
 .text.__gethex
                0x1000c810      0x5a8 C:/Users/inaci/.pico-sdk/toolchain/13_3_Rel1/bin/../lib/gcc/arm-none-eabi/13.3.1/thumb/v6-m/nofp\libg.a(libc_a-gdtoa-gethex.o)
                0x1000c810                __gethex
 .text.__match  0x1000cdb8       0x2c C:/Users/inaci/.pico-sdk/toolchain/13_3_Rel1/bin/../lib/gcc/arm-none-eabi/13.3.1/thumb/v6-m/nofp\libg.a(libc_a-gdtoa-hexnan.o)
                0x1000cdb8                __match
 .text.__hexnan
                0x1000cde4      0x204 C:/Users/inaci/.pico-sdk/toolchain/13_3_Rel1/bin/../lib/gcc/arm-none-eabi/13.3.1/thumb/v6-m/nofp\libg.a(libc_a-gdtoa-hexnan.o)
                0x1000cde4                __hexnan
 .text._Balloc  0x1000cfe8       0x50 C:/Users/inaci/.pico-sdk/toolchain/13_3_Rel1/bin/../lib/gcc/arm-none-eabi/13.3.1/thumb/v6-m/nofp\libg.a(libc_a-mprec.o)
                0x1000cfe8                _Balloc
 .text._Bfree   0x1000d038       0x14 C:/Users/inaci/.pico-sdk/toolchain/13_3_Rel1/bin/../lib/gcc/arm-none-eabi/13.3.1/thumb/v6-m/nofp\libg.a(libc_a-mprec.o)
                0x1000d038                _Bfree
 .text.__multadd
                0x1000d04c       0xa8 C:/Users/inaci/.pico-sdk/toolchain/13_3_Rel1/bin/../lib/gcc/arm-none-eabi/13.3.1/thumb/v6-m/nofp\libg.a(libc_a-mprec.o)
                0x1000d04c                __multadd
 .text.__s2b    0x1000d0f4       0xb0 C:/Users/inaci/.pico-sdk/toolchain/13_3_Rel1/bin/../lib/gcc/arm-none-eabi/13.3.1/thumb/v6-m/nofp\libg.a(libc_a-mprec.o)
                0x1000d0f4                __s2b
 .text.__hi0bits
                0x1000d1a4       0x4c C:/Users/inaci/.pico-sdk/toolchain/13_3_Rel1/bin/../lib/gcc/arm-none-eabi/13.3.1/thumb/v6-m/nofp\libg.a(libc_a-mprec.o)
                0x1000d1a4                __hi0bits
 .text.__lo0bits
                0x1000d1f0       0x5c C:/Users/inaci/.pico-sdk/toolchain/13_3_Rel1/bin/../lib/gcc/arm-none-eabi/13.3.1/thumb/v6-m/nofp\libg.a(libc_a-mprec.o)
                0x1000d1f0                __lo0bits
 .text.__i2b    0x1000d24c       0x60 C:/Users/inaci/.pico-sdk/toolchain/13_3_Rel1/bin/../lib/gcc/arm-none-eabi/13.3.1/thumb/v6-m/nofp\libg.a(libc_a-mprec.o)
                0x1000d24c                __i2b
 .text.__multiply
                0x1000d2ac      0x1ac C:/Users/inaci/.pico-sdk/toolchain/13_3_Rel1/bin/../lib/gcc/arm-none-eabi/13.3.1/thumb/v6-m/nofp\libg.a(libc_a-mprec.o)
                0x1000d2ac                __multiply
 .text.__pow5mult
                0x1000d458       0xd0 C:/Users/inaci/.pico-sdk/toolchain/13_3_Rel1/bin/../lib/gcc/arm-none-eabi/13.3.1/thumb/v6-m/nofp\libg.a(libc_a-mprec.o)
                0x1000d458                __pow5mult
 .text.__lshift
                0x1000d528       0xfc C:/Users/inaci/.pico-sdk/toolchain/13_3_Rel1/bin/../lib/gcc/arm-none-eabi/13.3.1/thumb/v6-m/nofp\libg.a(libc_a-mprec.o)
                0x1000d528                __lshift
 .text.__mcmp   0x1000d624       0x3c C:/Users/inaci/.pico-sdk/toolchain/13_3_Rel1/bin/../lib/gcc/arm-none-eabi/13.3.1/thumb/v6-m/nofp\libg.a(libc_a-mprec.o)
                0x1000d624                __mcmp
 .text.__mdiff  0x1000d660      0x1b4 C:/Users/inaci/.pico-sdk/toolchain/13_3_Rel1/bin/../lib/gcc/arm-none-eabi/13.3.1/thumb/v6-m/nofp\libg.a(libc_a-mprec.o)
                0x1000d660                __mdiff
 .text.__ulp    0x1000d814       0x40 C:/Users/inaci/.pico-sdk/toolchain/13_3_Rel1/bin/../lib/gcc/arm-none-eabi/13.3.1/thumb/v6-m/nofp\libg.a(libc_a-mprec.o)
                0x1000d814                __ulp
 .text.__b2d    0x1000d854       0xb8 C:/Users/inaci/.pico-sdk/toolchain/13_3_Rel1/bin/../lib/gcc/arm-none-eabi/13.3.1/thumb/v6-m/nofp\libg.a(libc_a-mprec.o)
                0x1000d854                __b2d
 .text.__d2b    0x1000d90c       0xcc C:/Users/inaci/.pico-sdk/toolchain/13_3_Rel1/bin/../lib/gcc/arm-none-eabi/13.3.1/thumb/v6-m/nofp\libg.a(libc_a-mprec.o)
                0x1000d90c                __d2b
 .text.__ratio  0x1000d9d8       0x68 C:/Users/inaci/.pico-sdk/toolchain/13_3_Rel1/bin/../lib/gcc/arm-none-eabi/13.3.1/thumb/v6-m/nofp\libg.a(libc_a-mprec.o)
                0x1000d9d8                __ratio
 .text.__copybits
                0x1000da40       0x40 C:/Users/inaci/.pico-sdk/toolchain/13_3_Rel1/bin/../lib/gcc/arm-none-eabi/13.3.1/thumb/v6-m/nofp\libg.a(libc_a-mprec.o)
                0x1000da40                __copybits
 .text.__any_on
                0x1000da80       0x4c C:/Users/inaci/.pico-sdk/toolchain/13_3_Rel1/bin/../lib/gcc/arm-none-eabi/13.3.1/thumb/v6-m/nofp\libg.a(libc_a-mprec.o)
                0x1000da80                __any_on
 .text.category
                0x1000dacc       0x54 C:/Users/inaci/.pico-sdk/toolchain/13_3_Rel1/bin/../lib/gcc/arm-none-eabi/13.3.1/thumb/v6-m/nofp\libg.a(libc_a-categories.o)
                0x1000dacc                category
 *(.fini)
 .fini          0x1000db20        0x4 C:/Users/inaci/.pico-sdk/toolchain/13_3_Rel1/bin/../lib/gcc/arm-none-eabi/13.3.1/thumb/v6-m/nofp/crti.o
                0x1000db20                _fini
 *fill*         0x1000db24        0x4 
 .fini.__stub   0x1000db28       0xc0 linker stubs
 *crtbegin.o(.ctors)
 *crtbegin?.o(.ctors)
 *(EXCLUDE_FILE(*crtend.o *crtend?.o) .ctors)
 *(SORT_BY_NAME(.ctors.*))
 *(.ctors)
 *crtbegin.o(.dtors)
 *crtbegin?.o(.dtors)
 *(EXCLUDE_FILE(*crtend.o *crtend?.o) .dtors)
 *(SORT_BY_NAME(.dtors.*))
 *(.dtors)
                0x1000dbe8                        . = ALIGN (0x4)
                0x1000dbe8                        PROVIDE (__preinit_array_start = .)
 *(SORT_BY_NAME(.preinit_array.*))
 .preinit_array.00100
                0x1000dbe8        0x4 CMakeFiles/DisplayC.dir/C_/Users/inaci/.pico-sdk/sdk/2.1.0/src/rp2_common/pico_runtime_init/runtime_init.c.obj
                0x1000dbe8                __pre_init_runtime_init_early_resets
 .preinit_array.00101
                0x1000dbec        0x4 CMakeFiles/DisplayC.dir/C_/Users/inaci/.pico-sdk/sdk/2.1.0/src/rp2_common/pico_runtime_init/runtime_init.c.obj
                0x1000dbec                __pre_init_runtime_init_usb_power_down
 .preinit_array.00275
                0x1000dbf0        0x4 CMakeFiles/DisplayC.dir/C_/Users/inaci/.pico-sdk/sdk/2.1.0/src/rp2_common/pico_bit_ops/bit_ops_aeabi.S.obj
 .preinit_array.00300
                0x1000dbf4        0x4 CMakeFiles/DisplayC.dir/C_/Users/inaci/.pico-sdk/sdk/2.1.0/src/rp2_common/pico_mem_ops/mem_ops_aeabi.S.obj
 .preinit_array.00350
                0x1000dbf8        0x4 CMakeFiles/DisplayC.dir/C_/Users/inaci/.pico-sdk/sdk/2.1.0/src/rp2_common/pico_double/double_aeabi_rp2040.S.obj
 .preinit_array.00350
                0x1000dbfc        0x4 CMakeFiles/DisplayC.dir/C_/Users/inaci/.pico-sdk/sdk/2.1.0/src/rp2_common/pico_float/float_aeabi_rp2040.S.obj
 .preinit_array.00500
                0x1000dc00        0x4 CMakeFiles/DisplayC.dir/C_/Users/inaci/.pico-sdk/sdk/2.1.0/src/rp2_common/pico_runtime_init/runtime_init.c.obj
                0x1000dc00                __pre_init_runtime_init_clocks
 .preinit_array.00600
                0x1000dc04        0x4 CMakeFiles/DisplayC.dir/C_/Users/inaci/.pico-sdk/sdk/2.1.0/src/rp2_common/pico_runtime_init/runtime_init.c.obj
                0x1000dc04                __pre_init_runtime_init_post_clock_resets
 .preinit_array.00700
                0x1000dc08        0x4 CMakeFiles/DisplayC.dir/C_/Users/inaci/.pico-sdk/sdk/2.1.0/src/rp2_common/pico_runtime_init/runtime_init.c.obj
                0x1000dc08                __pre_init_runtime_init_rp2040_gpio_ie_disable
 .preinit_array.01000
                0x1000dc0c        0x4 CMakeFiles/DisplayC.dir/C_/Users/inaci/.pico-sdk/sdk/2.1.0/src/rp2_common/pico_runtime_init/runtime_init.c.obj
                0x1000dc0c                __pre_init_runtime_init_spin_locks_reset
 .preinit_array.01100
                0x1000dc10        0x4 CMakeFiles/DisplayC.dir/C_/Users/inaci/.pico-sdk/sdk/2.1.0/src/common/pico_sync/mutex.c.obj
                0x1000dc10                __pre_init_runtime_init_mutex
 .preinit_array.10080
                0x1000dc14        0x4 CMakeFiles/DisplayC.dir/C_/Users/inaci/.pico-sdk/sdk/2.1.0/src/rp2_common/pico_runtime_init/runtime_init.c.obj
                0x1000dc14                __pre_init_runtime_init_install_ram_vector_table
 .preinit_array.11000
                0x1000dc18        0x4 CMakeFiles/DisplayC.dir/C_/Users/inaci/.pico-sdk/sdk/2.1.0/src/common/pico_time/time.c.obj
                0x1000dc18                __pre_init_runtime_init_default_alarm_pool
 .preinit_array.YYYYY
                0x1000dc1c        0x4 CMakeFiles/DisplayC.dir/C_/Users/inaci/.pico-sdk/sdk/2.1.0/src/rp2_common/pico_runtime/runtime.c.obj
                0x1000dc1c                __pre_init_first_per_core_initializer
 .preinit_array.ZZZZZ.01200
                0x1000dc20        0x4 CMakeFiles/DisplayC.dir/C_/Users/inaci/.pico-sdk/sdk/2.1.0/src/rp2_common/hardware_irq/irq.c.obj
                0x1000dc20                __pre_init_runtime_init_per_core_irq_priorities
 *(.preinit_array)
                0x1000dc24                        PROVIDE (__preinit_array_end = .)
                0x1000dc24                        . = ALIGN (0x4)
                0x1000dc24                        PROVIDE (__init_array_start = .)
 *(SORT_BY_NAME(.init_array.*))
 *(.init_array)
 .init_array    0x1000dc24        0x4 C:/Users/inaci/.pico-sdk/toolchain/13_3_Rel1/bin/../lib/gcc/arm-none-eabi/13.3.1/thumb/v6-m/nofp/crtbegin.o
 .init_array    0x1000dc28        0x4 CMakeFiles/DisplayC.dir/C_/Users/inaci/.pico-sdk/sdk/2.1.0/src/rp2_common/pico_unique_id/unique_id.c.obj
                0x1000dc2c                        PROVIDE (__init_array_end = .)
                0x1000dc2c                        . = ALIGN (0x4)
                [!provide]                        PROVIDE (__fini_array_start = .)
 *(SORT_BY_NAME(.fini_array.*))
 *(.fini_array)
                [!provide]                        PROVIDE (__fini_array_end = .)
 *(.eh_frame*)
 .eh_frame      0x1000dc2c        0x0 C:/Users/inaci/.pico-sdk/toolchain/13_3_Rel1/bin/../lib/gcc/arm-none-eabi/13.3.1/thumb/v6-m/nofp/crtbegin.o
                0x1000dc2c                        . = ALIGN (0x4)

.glue_7         0x1000dc2c        0x0
 .glue_7        0x1000dc2c        0x0 linker stubs

.glue_7t        0x1000dc2c        0x0
 .glue_7t       0x1000dc2c        0x0 linker stubs

.vfp11_veneer   0x1000dc2c        0x0
 .vfp11_veneer  0x1000dc2c        0x0 linker stubs

.v4_bx          0x1000dc2c        0x0
 .v4_bx         0x1000dc2c        0x0 linker stubs

.iplt           0x1000dc2c        0x0
 .iplt          0x1000dc2c        0x0 C:/Users/inaci/.pico-sdk/toolchain/13_3_Rel1/bin/../lib/gcc/arm-none-eabi/13.3.1/thumb/v6-m/nofp/crtbegin.o

.rodata         0x1000dc30     0x7e04
 *(EXCLUDE_FILE(*libm.a: *libc.a:*lib_a-mem*.o *libgcc.a:) .rodata*)
 .rodata.botao_A_callback.str1.4
                0x1000dc30      0x42e CMakeFiles/DisplayC.dir/DisplayC.c.obj
                                 0x4a (size before relaxing)
 .rodata.botao_B_callback.str1.4
                0x1000e05e       0x45 CMakeFiles/DisplayC.dir/DisplayC.c.obj
 .rodata.main.str1.4
                0x1000e05e       0x58 CMakeFiles/DisplayC.dir/DisplayC.c.obj
 *fill*         0x1000e05e        0x2 
 .rodata.main   0x1000e060       0x28 CMakeFiles/DisplayC.dir/DisplayC.c.obj
 .rodata.main_program
                0x1000e088        0x8 CMakeFiles/DisplayC.dir/DisplayC.c.obj
 .rodata.main_program_instructions
                0x1000e090        0xe CMakeFiles/DisplayC.dir/DisplayC.c.obj
 *fill*         0x1000e09e        0x2 
 .rodata.font   0x1000e0a0      0x1f8 CMakeFiles/DisplayC.dir/inc/ssd1306.c.obj
 .rodata.panic.str1.4
                0x1000e298       0x12 CMakeFiles/DisplayC.dir/C_/Users/inaci/.pico-sdk/sdk/2.1.0/src/rp2_common/pico_platform_panic/panic.c.obj
 .rodata.spin_lock_claim_unused.str1.4
                0x1000e298       0x1b CMakeFiles/DisplayC.dir/C_/Users/inaci/.pico-sdk/sdk/2.1.0/src/rp2_common/hardware_sync/sync.c.obj
 .rodata.user_irq_claim_unused.str1.4
                0x1000e298       0x1b CMakeFiles/DisplayC.dir/C_/Users/inaci/.pico-sdk/sdk/2.1.0/src/rp2_common/hardware_irq/irq.c.obj
 .rodata.at_the_end_of_time
                0x1000e298        0x8 CMakeFiles/DisplayC.dir/C_/Users/inaci/.pico-sdk/sdk/2.1.0/src/common/pico_time/time.c.obj
                0x1000e298                at_the_end_of_time
 .rodata.timer_hardware_alarm_claim.str1.4
                0x1000e2a0       0x22 CMakeFiles/DisplayC.dir/C_/Users/inaci/.pico-sdk/sdk/2.1.0/src/rp2_common/hardware_timer/timer.c.obj
 .rodata.hard_assertion_failure.str1.4
                0x1000e2a0        0xc CMakeFiles/DisplayC.dir/C_/Users/inaci/.pico-sdk/sdk/2.1.0/src/rp2_common/pico_runtime/runtime.c.obj
 .rodata.missing_double_func_shim.str1.4
                0x1000e2a0       0x18 CMakeFiles/DisplayC.dir/C_/Users/inaci/.pico-sdk/sdk/2.1.0/src/rp2_common/pico_double/double_init_rom_rp2040.c.obj
 .rodata.missing_float_func_shim.str1.4
                0x1000e2a0        0x1 CMakeFiles/DisplayC.dir/C_/Users/inaci/.pico-sdk/sdk/2.1.0/src/rp2_common/pico_float/float_init_rom_rp2040.c.obj
 .rodata.__wrap_malloc.str1.4
                0x1000e2a0        0xe CMakeFiles/DisplayC.dir/C_/Users/inaci/.pico-sdk/sdk/2.1.0/src/rp2_common/pico_malloc/malloc.c.obj
 .rodata.str1.4
                0x1000e2a0       0x44 CMakeFiles/DisplayC.dir/C_/Users/inaci/.pico-sdk/sdk/2.1.0/src/rp2_common/pico_standard_binary_info/standard_binary_info.c.obj
 .rodata.__bi_84
                0x1000e2a0        0xc CMakeFiles/DisplayC.dir/C_/Users/inaci/.pico-sdk/sdk/2.1.0/src/rp2_common/pico_standard_binary_info/standard_binary_info.c.obj
 .rodata.__bi_78
                0x1000e2ac        0xc CMakeFiles/DisplayC.dir/C_/Users/inaci/.pico-sdk/sdk/2.1.0/src/rp2_common/pico_standard_binary_info/standard_binary_info.c.obj
 .rodata.__bi_60
                0x1000e2b8        0xc CMakeFiles/DisplayC.dir/C_/Users/inaci/.pico-sdk/sdk/2.1.0/src/rp2_common/pico_standard_binary_info/standard_binary_info.c.obj
 .rodata.__bi_54
                0x1000e2c4        0xc CMakeFiles/DisplayC.dir/C_/Users/inaci/.pico-sdk/sdk/2.1.0/src/rp2_common/pico_standard_binary_info/standard_binary_info.c.obj
 .rodata.__bi_48
                0x1000e2d0        0xc CMakeFiles/DisplayC.dir/C_/Users/inaci/.pico-sdk/sdk/2.1.0/src/rp2_common/pico_standard_binary_info/standard_binary_info.c.obj
 .rodata.__bi_42
                0x1000e2dc        0xc CMakeFiles/DisplayC.dir/C_/Users/inaci/.pico-sdk/sdk/2.1.0/src/rp2_common/pico_standard_binary_info/standard_binary_info.c.obj
 .rodata.__bi_34
                0x1000e2e8        0xc CMakeFiles/DisplayC.dir/C_/Users/inaci/.pico-sdk/sdk/2.1.0/src/rp2_common/pico_standard_binary_info/standard_binary_info.c.obj
 .rodata.__bi_26
                0x1000e2f4        0xc CMakeFiles/DisplayC.dir/C_/Users/inaci/.pico-sdk/sdk/2.1.0/src/rp2_common/pico_standard_binary_info/standard_binary_info.c.obj
 .rodata._ftoa.str1.4
                0x1000e300       0x15 CMakeFiles/DisplayC.dir/C_/Users/inaci/.pico-sdk/sdk/2.1.0/src/rp2_common/pico_printf/printf.c.obj
 .rodata._vsnprintf
                0x1000e300      0x19c CMakeFiles/DisplayC.dir/C_/Users/inaci/.pico-sdk/sdk/2.1.0/src/rp2_common/pico_printf/printf.c.obj
 *fill*         0x1000e49c        0x4 
 .rodata.pow10.0
                0x1000e4a0       0x50 CMakeFiles/DisplayC.dir/C_/Users/inaci/.pico-sdk/sdk/2.1.0/src/rp2_common/pico_printf/printf.c.obj
 .rodata.__assert_func.str1.4
                0x1000e4f0       0x43 CMakeFiles/DisplayC.dir/C_/Users/inaci/.pico-sdk/sdk/2.1.0/src/rp2_common/pico_clib_interface/newlib_interface.c.obj
 .rodata.crlf_str.0
                0x1000e4f0        0x2 CMakeFiles/DisplayC.dir/C_/Users/inaci/.pico-sdk/sdk/2.1.0/src/rp2_common/pico_stdio/stdio.c.obj
 *fill*         0x1000e4f2        0x2 
 .rodata._resetd_driver
                0x1000e4f4       0x20 CMakeFiles/DisplayC.dir/C_/Users/inaci/.pico-sdk/sdk/2.1.0/src/rp2_common/pico_stdio_usb/reset_interface.c.obj
 .rodata.desc_ms_os_20